Microchip MPLAB XC8 Compiler V2.45

Linker command line:

-W-3 \
  --edf=C:\Program Files\Microchip\xc8\v2.45\pic\dat\20230818022343_en.msgs \
  -cn \
  -h+dist/default/production\HiK_Control_Project-V3.X-master10.10.23.production.sym \
  --cmf=dist/default/production\HiK_Control_Project-V3.X-master10.10.23.production.cmf \
  -z -Q16F877A \
  -oC:\Users\Muhammed\AppData\Local\Temp\xcAs24k.\driver_tmp_3.o \
  --defsym=__MPLAB_BUILD=1 --fixupoverflow=error \
  -Mdist/default/production/HiK_Control_Project-V3.X-master10.10.23.production.map \
  --md=C:\Users\Muhammed\AppData\Local\Temp\xcAs24k.\driver_tmp_0.dat -E1 \
  -ver=XC8 Compiler --acfsm=1493 -ACODE=00h-07FFhx4 -ASTRCODE=00h-01FFFh \
  -ASTRING=00h-0FFhx32 -ACONST=00h-0FFhx32 -AENTRY=00h-0FFhx32 \
  -ACOMMON=070h-07Fh -ABANK0=020h-06Fh -ABANK1=0A0h-0EFh \
  -ABANK2=0110h-016Fh -ABANK3=0190h-01EFh \
  -ARAM=020h-06Fh,0A0h-0EFh,0110h-016Fh,0190h-01EFh \
  -AABS1=020h-07Fh,0A0h-0EFh,0110h-016Fh,0190h-01EFh -ASFR0=00h-01Fh \
  -ASFR1=080h-09Fh -ASFR2=0100h-010Fh -ASFR3=0180h-018Fh \
  -ACONFIG=02007h-02007h -DCONFIG=2 -AIDLOC=02000h-02003h -DIDLOC=2 \
  -AEEDATA=00h-0FFh/02100h -peeprom_data=EEDATA -DEEDATA=2 -DCODE=2 \
  -DSTRCODE=2 -DSTRING=2 -DCONST=2 -DENTRY=2 \
  -preset_vec=00h,intentry=04h,init,end_init -ppowerup=CODE -pcinit=CODE \
  -pfunctab=ENTRY -k \
  C:\Users\Muhammed\AppData\Local\Temp\xcAs24k.\driver_tmp_17.o \
  dist/default/production\HiK_Control_Project-V3.X-master10.10.23.production.o 

Object code version is 3.11

Machine type is 16F877A



                Name                               Link     Load   Length Selector   Space Scale
C:\Users\Muhammed\AppData\Local\Temp\xcAs24k.\driver_tmp_17.o
                end_init                              E        E        3        8       0
                reset_vec                             0        0        3        0       0
                config                             2007     2007        1        0       4
dist/default/production\HiK_Control_Project-V3.X-master10.10.23.production.o
                cinit                                11       11       24        8       0
                intentry                              4        4        A        8       0
                maintext_split_2                    B76      B76      48A     16EC       0
                maintext_split_1                     35       35      4DF        8       0
                config                             2007     2007        1        0       4
                text38                             11A6     11A6       67     234C       0
                text37                             1D6C     1D6C       11     3AD8       0
                text36                             1DA5     1DA5       16     3B4A       0
                text35                              6E3      6E3       C6        8       0
                text34                             1DF3     1DF3       20     3BE6       0
                text33                             1DBB     1DBB       1C     3B76       0
                text32                             1143     1143       63     2286       0
                text31                             1D5C     1D5C       10     3AB8       0
                text30                             1D4E     1D4E        E     3A9C       0
                text29                             1EE2     1EE2       46     3DC4       0
                text28                              514      514      1CF        8       0
                text27                             1E80     1E80       29     3D00       0
                text26                              831      831      345     1062       0
                text25                             12E4     12E4       78     25C8       0
                text24                             13D8     13D8       BA     27B0       0
                text23                             1D90     1D90       15     3B20       0
                text22                             120D     120D       69     241A       0
                text21                             10E8     10E8       5B     21D0       0
                text20                             1D7D     1D7D       13     3AFA       0
                text19                              7FD      7FD        1        8       0
                text18                             108E     108E       5A     211C       0
                text17                              807      807       2A     100E       0
                text16                             1FB4     1FB4       4C     3F68       0
                text15                             1492     1492       C3     2924       0
                text14                             1E59     1E59       27     3CB2       0
                text13                             1276     1276       6E     24EC       0
                text12                             1F28     1F28       46     3E50       0
                text11                             1006     1006       3C     200C       0
                text10                             135C     135C       7C     26B8       0
                text9                              1555     1555      13F     2AAA       0
                text8                              1E34     1E34       25     3C68       0
                text7                              1E13     1E13       21     3C26       0
                text6                              1DD7     1DD7       1C     3BAE       0
                text5                              1D41     1D41        D     3A82       0
                text4                              1042     1042       4C     2084       0
                text3                              1EA9     1EA9       39     3D52       0
                text2                              1F6E     1F6E       46     3EDC       0
                text1                               7A9      7A9       52        8       0
                maintext                           1694     1694      16C     2D28       0
                cstackBANK0                          20       20       4D       20       1
                cstackCOMMON                         70       70        B       70       1
                cstackBANK1                          A0       A0       50       A0       1
                cstackBANK3                         190      190       34      190       1
                clrtext                            1D39     1D39        8     3A72       0
                bssBANK2                            110      110       20      110       1
                bssBANK3                            1C4      1C4        F      190       1
                bssBANK0                             6D       6D        3       20       1
                dataCOMMON                           7B       7B        2       70       1
                stringtext                         1800     1800      16B       30       0
                strings                            196B     196B       12     32D6       0
                idataCOMMON                         7FB      7FB        2        8       0

TOTAL           Name                               Link     Load   Length     Space
        CLASS   CODE           
                end_init                              E        E        3         0
                cinit                                11       11       24         0
                intentry                              4        4        A         0
                reset_vec                             0        0        3         0
                maintext_split_2                    B76      B76      48A         0
                maintext_split_1                     35       35      4DF         0
                text38                             11A6     11A6       67         0
                text37                             1D6C     1D6C       11         0
                text36                             1DA5     1DA5       16         0
                text35                              6E3      6E3       C6         0
                text34                             1DF3     1DF3       20         0
                text33                             1DBB     1DBB       1C         0
                text32                             1143     1143       63         0
                text31                             1D5C     1D5C       10         0
                text30                             1D4E     1D4E        E         0
                text29                             1EE2     1EE2       46         0
                text28                              514      514      1CF         0
                text27                             1E80     1E80       29         0
                text26                              831      831      345         0
                text25                             12E4     12E4       78         0
                text24                             13D8     13D8       BA         0
                text23                             1D90     1D90       15         0
                text22                             120D     120D       69         0
                text21                             10E8     10E8       5B         0
                text20                             1D7D     1D7D       13         0
                text19                              7FD      7FD        1         0
                text18                             108E     108E       5A         0
                text17                              807      807       2A         0
                text16                             1FB4     1FB4       4C         0
                text15                             1492     1492       C3         0
                text14                             1E59     1E59       27         0
                text13                             1276     1276       6E         0
                text12                             1F28     1F28       46         0
                text11                             1006     1006       3C         0
                text10                             135C     135C       7C         0
                text9                              1555     1555      13F         0
                text8                              1E34     1E34       25         0
                text7                              1E13     1E13       21         0
                text6                              1DD7     1DD7       1C         0
                text5                              1D41     1D41        D         0
                text4                              1042     1042       4C         0
                text3                              1EA9     1EA9       39         0
                text2                              1F6E     1F6E       46         0
                text1                               7A9      7A9       52         0
                maintext                           1694     1694      16C         0
                clrtext                            1D39     1D39        8         0
                idataCOMMON                         7FB      7FB        2         0

        CLASS   STRCODE        
                stringtext                         1800     1800      16B         0

        CLASS   STRING         
                strings                            196B     196B       12         0

        CLASS   CONST          

        CLASS   ENTRY          

        CLASS   COMMON         
                cstackCOMMON                         70       70        B         1
                dataCOMMON                           7B       7B        2         1

        CLASS   BANK0          
                cstackBANK0                          20       20       4D         1
                bssBANK0                             6D       6D        3         1

        CLASS   BANK1          
                cstackBANK1                          A0       A0       50         1

        CLASS   BANK2          
                bssBANK2                            110      110       20         1

        CLASS   BANK3          
                cstackBANK3                         190      190       34         1
                bssBANK3                            1C4      1C4        F         1

        CLASS   RAM            

        CLASS   ABS1           
                abs_s1                               7E       7E        2         1

        CLASS   SFR0           

        CLASS   SFR1           

        CLASS   SFR2           

        CLASS   SFR3           

        CLASS   CONFIG         
                config                             2007     2007        1         4

        CLASS   IDLOC          

        CLASS   EEDATA         

        CLASS   HEAP           

        CLASS   STACK          



SEGMENTS        Name                           Load    Length   Top    Selector   Space  Class     Delta

                reset_vec                      000000  000003  000003         0       0  CODE        2
                intentry                       000004  0007FA  0007FE         8       0  CODE        2
                cstackBANK0                    000020  000050  000070        20       1  BANK0       1
                cstackCOMMON                   000070  00000D  00007D        70       1  COMMON      1
                cstackBANK1                    0000A0  000050  0000F0        A0       1  BANK1       1
                bssBANK2                       000110  000020  000130       110       1  BANK2       1
                cstackBANK3                    000190  000043  0001D3       190       1  BANK3       1
                text17                         000807  00002A  000831      100E       0  CODE        2
                text26                         000831  000345  000B76      1062       0  CODE        2
                maintext_split_2               000B76  00048A  001000      16EC       0  CODE        2
                text11                         001006  00003C  001042      200C       0  CODE        2
                text4                          001042  00004C  00108E      2084       0  CODE        2
                text18                         00108E  00005A  0010E8      211C       0  CODE        2
                text21                         0010E8  00005B  001143      21D0       0  CODE        2
                text32                         001143  000063  0011A6      2286       0  CODE        2
                text38                         0011A6  000067  00120D      234C       0  CODE        2
                text22                         00120D  000069  001276      241A       0  CODE        2
                text13                         001276  00006E  0012E4      24EC       0  CODE        2
                text25                         0012E4  000078  00135C      25C8       0  CODE        2
                text10                         00135C  00007C  0013D8      26B8       0  CODE        2
                text24                         0013D8  0000BA  001492      27B0       0  CODE        2
                text15                         001492  0000C3  001555      2924       0  CODE        2
                text9                          001555  00013F  001694      2AAA       0  CODE        2
                maintext                       001694  00016C  001800      2D28       0  CODE        2
                stringtext                     001800  00016B  00196B        30       0  STRCODE     2
                strings                        00196B  000012  00197D      32D6       0  STRING      2
                clrtext                        001D39  000008  001D41      3A72       0  CODE        2
                text5                          001D41  00000D  001D4E      3A82       0  CODE        2
                text30                         001D4E  00000E  001D5C      3A9C       0  CODE        2
                text31                         001D5C  000010  001D6C      3AB8       0  CODE        2
                text37                         001D6C  000011  001D7D      3AD8       0  CODE        2
                text20                         001D7D  000013  001D90      3AFA       0  CODE        2
                text23                         001D90  000015  001DA5      3B20       0  CODE        2
                text36                         001DA5  000016  001DBB      3B4A       0  CODE        2
                text33                         001DBB  00001C  001DD7      3B76       0  CODE        2
                text6                          001DD7  00001C  001DF3      3BAE       0  CODE        2
                text34                         001DF3  000020  001E13      3BE6       0  CODE        2
                text7                          001E13  000021  001E34      3C26       0  CODE        2
                text8                          001E34  000025  001E59      3C68       0  CODE        2
                text14                         001E59  000027  001E80      3CB2       0  CODE        2
                text27                         001E80  000029  001EA9      3D00       0  CODE        2
                text3                          001EA9  000039  001EE2      3D52       0  CODE        2
                text29                         001EE2  000046  001F28      3DC4       0  CODE        2
                text12                         001F28  000046  001F6E      3E50       0  CODE        2
                text2                          001F6E  000046  001FB4      3EDC       0  CODE        2
                text16                         001FB4  00004C  002000      3F68       0  CODE        2


UNUSED ADDRESS RANGES

        Name                Unused          Largest block    Delta
        BANK2            000130-00016F               40           1
        BANK3            0001D3-0001EF               1D           1
        CODE             000003-000003                1           2
                         0007FE-000806                2
                         001000-001005                6
                         00197D-001D38              3BC
        COMMON           00007D-00007D                1           1
        CONST            000003-000003                1           2
                         0007FE-000806                2
                         001000-001005                6
                         00197D-001D38              100
        EEDATA           002100-0021FF              100           2
        ENTRY            000003-000003                1           2
                         0007FE-000806                2
                         001000-001005                6
                         00197D-001D38              100
        IDLOC            002000-002003                4           2
        RAM              000130-00016F               40           1
                         0001D3-0001EF               1D
        SFR0             000000-00001F               20           1
        SFR1             000080-00009F               20           1
        SFR2             000100-00010F               10           1
        SFR3             000180-00018F               10           1
        STRCODE          000003-000003                1           2
                         0007FE-000806                9
                         001000-001005                6
                         00197D-001D38              3BC
        STRING           000003-000003                1           2
                         0007FE-000806                2
                         001000-001005                6
                         00197D-001D38              100

                                  Symbol Table

?__Umul8_16                 cstackBANK0      000020
?___awdiv                   cstackBANK0      00002A
?___awmod                   cstackBANK0      00002A
?___fldiv                   cstackBANK0      000020
?___flmul                   cstackBANK0      00003A
?___fltol                   cstackBANK0      000020
?___lwdiv                   cstackBANK0      000020
?___lwmod                   cstackBANK0      000020
?___wmul                    cstackBANK0      000020
?___xxtofl                  cstackBANK0      000020
?_abs                       cstackBANK0      000030
?_readEEPROM                cstackBANK0      000026
?_read_prec_or_width        cstackBANK0      000026
?_sprintf                   cstackBANK0      000055
?_vfprintf                  cstackBANK0      00004F
?i1_readEEPROM              cstackCOMMON     000070
Lcd_Cmd@a                   cstackBANK0      000023
Lcd_Port@a                  cstackBANK0      000020
Lcd_Set_Cursor@a            cstackBANK0      000026
Lcd_Set_Cursor@b            cstackBANK0      000024
Lcd_Set_Cursor@temp         cstackBANK0      000029
Lcd_Set_Cursor@y            cstackBANK0      000028
Lcd_Set_Cursor@z            cstackBANK0      000027
Lcd_Write_Char@a            cstackBANK0      000024
Lcd_Write_Char@temp         cstackBANK0      000022
Lcd_Write_Char@y            cstackBANK0      000023
Lcd_Write_String@a          cstackBANK0      000025
Lcd_Write_String@i          cstackBANK0      00002A
UART_Write@data             cstackBANK0      000020
UART_Write_Text@i           cstackBANK0      000026
UART_Write_Text@text        cstackBANK0      000021
_ADCON0bits                 (abs)            00001F
_ADCON1bits                 (abs)            00009F
_ADRESH                     (abs)            00001E
_ADRESL                     (abs)            00009E
_EEADR                      (abs)            00010D
_EECON2                     (abs)            00018D
_EEDATA                     (abs)            00010C
_GIE                        (abs)            00005F
_INTCONbits                 (abs)            00000B
_Lcd_Clear                  text5            001D41
_Lcd_Cmd                    text33           001DBB
_Lcd_Init                   text32           001143
_Lcd_Port                   text34           001DF3
_Lcd_Set_Cursor             text4            001042
_Lcd_Write_Char             text3            001EA9
_Lcd_Write_String           text2            001F6E
_OPTION_REGbits             (abs)            000081
_RA4                        (abs)            00002C
_RB0                        (abs)            000030
_RB1                        (abs)            000031
_RB2                        (abs)            000032
_RB3                        (abs)            000033
_RB4                        (abs)            000034
_RB5                        (abs)            000035
_RC0                        (abs)            000038
_RC1                        (abs)            000039
_RC2                        (abs)            00003A
_RC3                        (abs)            00003B
_RCSTA                      (abs)            000018
_RD                         (abs)            000C60
_RD0                        (abs)            000040
_RE0                        (abs)            000048
_RE1                        (abs)            000049
_RE2                        (abs)            00004A
_SPBRG                      (abs)            000099
_T0IF                       (abs)            00005A
_TMR0                       (abs)            000001
_TRISA0                     (abs)            000428
_TRISA1                     (abs)            000429
_TRISA2                     (abs)            00042A
_TRISA3                     (abs)            00042B
_TRISA4                     (abs)            00042C
_TRISA5                     (abs)            00042D
_TRISB                      (abs)            000086
_TRISC0                     (abs)            000438
_TRISC1                     (abs)            000439
_TRISC2                     (abs)            00043A
_TRISC3                     (abs)            00043B
_TRISC4                     (abs)            00043C
_TRISC5                     (abs)            00043D
_TRISC6                     (abs)            00043E
_TRISC7                     (abs)            00043F
_TRISD                      (abs)            000088
_TRISD0                     (abs)            000440
_TRISE0                     (abs)            000448
_TRISE1                     (abs)            000449
_TRISE2                     (abs)            00044A
_TRMT                       (abs)            0004C1
_TXREG                      (abs)            000019
_TXSTA                      (abs)            000098
_UART_Initialize            text31           001D5C
_UART_Write                 text30           001D4E
_UART_Write_Text            text29           001EE2
_WR                         (abs)            000C61
_WREN                       (abs)            000C62
__H__absolute__             __absolute__     000000
__Habs1                     abs1             000000
__Hbank0                    bank0            000000
__Hbank1                    bank1            000000
__Hbank2                    bank2            000000
__Hbank3                    bank3            000000
__HbssBANK0                 bssBANK0         000000
__HbssBANK2                 bssBANK2         000000
__HbssBANK3                 bssBANK3         000000
__Hcinit                    cinit            000035
__Hclrtext                  clrtext          000000
__Hcode                     code             000000
__Hcommon                   common           000000
__Hconfig                   config           002008
__HcstackBANK0              cstackBANK0      000000
__HcstackBANK1              cstackBANK1      000000
__HcstackBANK3              cstackBANK3      000000
__HcstackCOMMON             cstackCOMMON     000000
__HdataCOMMON               dataCOMMON       000000
__Heeprom_data              eeprom_data      000000
__Hend_init                 end_init         000011
__Hfunctab                  functab          000000
__Hheap                     heap             000000
__HidataCOMMON              idataCOMMON      000000
__Hinit                     init             00000E
__Hintentry                 intentry         00000E
__Hmaintext                 maintext         000000
__Hmaintext_split_1         maintext_split_1 000000
__Hmaintext_split_2         maintext_split_2 000000
__Hpowerup                  powerup          000000
__Hram                      ram              000000
__Hreset_vec                reset_vec        000003
__Hsfr0                     sfr0             000000
__Hsfr1                     sfr1             000000
__Hsfr2                     sfr2             000000
__Hsfr3                     sfr3             000000
__Hspace_0                  (abs)            002000
__Hspace_1                  (abs)            0001D3
__Hspace_2                  (abs)            000000
__Hspace_3                  (abs)            000000
__Hspace_4                  (abs)            00400F
__Hstack                    stack            000000
__Hstrings                  strings          000000
__Hstringtext               stringtext       000000
__Htext                     text             000000
__L__absolute__             __absolute__     000000
__Labs1                     abs1             000000
__Lbank0                    bank0            000000
__Lbank1                    bank1            000000
__Lbank2                    bank2            000000
__Lbank3                    bank3            000000
__LbssBANK0                 bssBANK0         000000
__LbssBANK2                 bssBANK2         000000
__LbssBANK3                 bssBANK3         000000
__Lcinit                    cinit            000011
__Lclrtext                  clrtext          000000
__Lcode                     code             000000
__Lcommon                   common           000000
__Lconfig                   config           000000
__LcstackBANK0              cstackBANK0      000000
__LcstackBANK1              cstackBANK1      000000
__LcstackBANK3              cstackBANK3      000000
__LcstackCOMMON             cstackCOMMON     000000
__LdataCOMMON               dataCOMMON       000000
__Leeprom_data              eeprom_data      000000
__Lend_init                 end_init         00000E
__Lfunctab                  functab          000000
__Lheap                     heap             000000
__LidataCOMMON              idataCOMMON      000000
__Linit                     init             00000E
__Lintentry                 intentry         000004
__Lmaintext                 maintext         000000
__Lmaintext_split_1         maintext_split_1 000000
__Lmaintext_split_2         maintext_split_2 000000
__Lpowerup                  powerup          000000
__Lram                      ram              000000
__Lreset_vec                reset_vec        000000
__Lsfr0                     sfr0             000000
__Lsfr1                     sfr1             000000
__Lsfr2                     sfr2             000000
__Lsfr3                     sfr3             000000
__Lspace_0                  (abs)            000000
__Lspace_1                  (abs)            000000
__Lspace_2                  (abs)            000000
__Lspace_3                  (abs)            000000
__Lspace_4                  (abs)            000000
__Lstack                    stack            000000
__Lstrings                  strings          000000
__Lstringtext               stringtext       000000
__Ltext                     text             000000
__S0                        (abs)            002000
__S1                        (abs)            0001D3
__S3                        (abs)            000000
__Umul8_16                  text27           001E80
__Umul8_16@multiplicand     cstackBANK0      000020
__Umul8_16@multiplier       cstackBANK0      000028
__Umul8_16@product          cstackBANK0      000024
__Umul8_16@word_mpld        cstackBANK0      000026
___awdiv                    text22           00120D
___awdiv@counter            cstackBANK0      00002E
___awdiv@dividend           cstackBANK0      00002C
___awdiv@divisor            cstackBANK0      00002A
___awdiv@quotient           cstackBANK0      000030
___awdiv@sign               cstackBANK0      00002F
___awmod                    text21           0010E8
___awmod@counter            cstackBANK0      00002E
___awmod@dividend           cstackBANK0      00002C
___awmod@divisor            cstackBANK0      00002A
___awmod@sign               cstackBANK0      00002F
___fldiv                    text28           000514
___fldiv@a                  cstackBANK0      000020
___fldiv@aexp               cstackBANK0      000039
___fldiv@b                  cstackBANK0      000024
___fldiv@bexp               cstackBANK0      000038
___fldiv@grs                cstackBANK0      000034
___fldiv@new_exp            cstackBANK0      000032
___fldiv@rem                cstackBANK0      00002D
___fldiv@sign               cstackBANK0      000031
___flmul                    text26           000831
___flmul@a                  cstackBANK0      00003E
___flmul@aexp               cstackBANK0      00004C
___flmul@b                  cstackBANK0      00003A
___flmul@bexp               cstackBANK0      00004D
___flmul@grs                cstackBANK0      000048
___flmul@prod               cstackBANK0      00004E
___flmul@sign               cstackBANK0      000047
___flmul@temp               cstackBANK0      000052
___fltol                    text25           0012E4
___fltol@exp1               cstackBANK0      000029
___fltol@f1                 cstackBANK0      000020
___fltol@sign1              cstackBANK0      000028
___heap_hi                  (abs)            000000
___heap_lo                  (abs)            000000
___int_sp                   stack            000000
___int_stack_hi             stack            000000
___int_stack_lo             stack            000000
___latbits                  (abs)            000002
___lwdiv                    text12           001F28
___lwdiv@counter            cstackBANK0      000026
___lwdiv@dividend           cstackBANK0      000022
___lwdiv@divisor            cstackBANK0      000020
___lwdiv@quotient           cstackBANK0      000024
___lwmod                    text11           001006
___lwmod@counter            cstackBANK0      000024
___lwmod@dividend           cstackBANK0      000022
___lwmod@divisor            cstackBANK0      000020
___sp                       stack            000000
___stack_hi                 stack            000000
___stack_lo                 stack            000000
___stackhi                  (abs)            000000
___stacklo                  (abs)            000000
___wmul                     text14           001E59
___wmul@multiplicand        cstackBANK0      000022
___wmul@multiplier          cstackBANK0      000020
___wmul@product             cstackBANK0      000024
___xxtofl                   text24           0013D8
___xxtofl@arg               cstackBANK0      00002A
___xxtofl@exp               cstackBANK0      000029
___xxtofl@sign              cstackBANK0      000028
___xxtofl@val               cstackBANK0      000020
__end_of_Lcd_Clear          text5            001D4E
__end_of_Lcd_Cmd            text33           001DD7
__end_of_Lcd_Init           text32           0011A6
__end_of_Lcd_Port           text34           001E13
__end_of_Lcd_Set_Cursor     text4            00108E
__end_of_Lcd_Write_Char     text3            001EE2
__end_of_Lcd_Write_String   text2            001FB4
__end_of_UART_Initialize    text31           001D6C
__end_of_UART_Write         text30           001D5C
__end_of_UART_Write_Text    text29           001F28
__end_of__Umul8_16          text27           001EA9
__end_of___awdiv            text22           001276
__end_of___awmod            text21           001143
__end_of___fldiv            text28           0006E3
__end_of___flmul            text26           000B76
__end_of___fltol            text25           00135C
__end_of___lwdiv            text12           001F6E
__end_of___lwmod            text11           001042
__end_of___wmul             text14           001E80
__end_of___xxtofl           text24           001492
__end_of__initialization    cinit            000031
__end_of__stringtab         strings          00197D
__end_of_abs                text20           001D90
__end_of_dtoa               text15           001555
__end_of_fputc              text18           0010E8
__end_of_fputs              text17           000831
__end_of_incrementTime      text38           00120D
__end_of_main               maintext_split_2 001000
__end_of_pad                text16           002000
__end_of_putch              text19           0007FE
__end_of_readEEPROM         text23           001DA5
__end_of_read_prec_or_width text13           0012E4
__end_of_sprintf            text7            001E34
__end_of_timer_isr          text35           0007A9
__end_of_utoa               text10           0013D8
__end_of_vfpfcnvrt          text9            001694
__end_of_vfprintf           text8            001E59
__end_of_writeEEPROM        text6            001DF3
__end_of_yagBakim           text1            0007FB
__end_ofi1_readEEPROM       text37           001D7D
__end_ofi1_writeEEPROM      text36           001DBB
__initialization            cinit            000011
__pbssBANK0                 bssBANK0         00006D
__pbssBANK2                 bssBANK2         000110
__pbssBANK3                 bssBANK3         0001C4
__pcstackBANK0              cstackBANK0      000020
__pcstackBANK1              cstackBANK1      0000A0
__pcstackBANK3              cstackBANK3      000190
__pcstackCOMMON             cstackCOMMON     000070
__pdataCOMMON               dataCOMMON       00007B
__pidataCOMMON              idataCOMMON      0007FB
__pintentry                 intentry         000004
__pmaintext                 maintext         001694
__pstrings                  strings          00196B
__pstringtext               stringtext       001800
__ptext1                    text1            0007A9
__ptext10                   text10           00135C
__ptext11                   text11           001006
__ptext12                   text12           001F28
__ptext13                   text13           001276
__ptext14                   text14           001E59
__ptext15                   text15           001492
__ptext16                   text16           001FB4
__ptext17                   text17           000807
__ptext18                   text18           00108E
__ptext19                   text19           0007FD
__ptext2                    text2            001F6E
__ptext20                   text20           001D7D
__ptext21                   text21           0010E8
__ptext22                   text22           00120D
__ptext23                   text23           001D90
__ptext24                   text24           0013D8
__ptext25                   text25           0012E4
__ptext26                   text26           000831
__ptext27                   text27           001E80
__ptext28                   text28           000514
__ptext29                   text29           001EE2
__ptext3                    text3            001EA9
__ptext30                   text30           001D4E
__ptext31                   text31           001D5C
__ptext32                   text32           001143
__ptext33                   text33           001DBB
__ptext34                   text34           001DF3
__ptext35                   text35           0006E3
__ptext36                   text36           001DA5
__ptext37                   text37           001D6C
__ptext38                   text38           0011A6
__ptext4                    text4            001042
__ptext5                    text5            001D41
__ptext6                    text6            001DD7
__ptext7                    text7            001E13
__ptext8                    text8            001E34
__ptext9                    text9            001555
__stringbase                strings          00197D
__stringtab                 strings          00196B
_abs                        text20           001D7D
_currentTime                bssBANK3         0001CB
_dbuf                       bssBANK2         000110
_dtoa                       text15           001492
_dtoa$889                   cstackBANK0      000038
_eepromWRclc                bssBANK3         0001C8
_epromBaslaAdress           dataCOMMON       00007B
_flags                      bssBANK0         00006F
_fputc                      text18           00108E
_fputs                      text17           000807
_incrementTime              text38           0011A6
_kesmeSayaci                bssBANK3         0001C6
_limitler                   bssBANK3         0001CA
_main                       maintext         001694
_main$1169                  cstackBANK3      0001AC
_main$1170                  cstackBANK3      00019C
_pad                        text16           001FB4
_prec                       bssBANK3         0001C4
_putch                      text19           0007FD
_readEEPROM                 text23           001D90
_read_prec_or_width         text13           001276
_sprintf                    text7            001E13
_timer_isr                  text35           0006E3
_timer_isr$1182             cstackCOMMON     000079
_utoa                       text10           00135C
_vfpfcnvrt                  text9            001555
_vfprintf                   text8            001E34
_width                      bssBANK0         00006D
_writeEEPROM                text6            001DD7
_yagBakim                   text1            0007A9
abs@a                       cstackBANK0      000030
btemp                       (abs)            00007E
clear_ram0                  clrtext          001D39
dtoa@d                      cstackBANK0      000036
dtoa@fp                     cstackBANK0      00003A
dtoa@i                      cstackBANK0      00003F
dtoa@p                      cstackBANK0      00003B
dtoa@s                      cstackBANK0      00003E
dtoa@w                      cstackBANK0      00003C
end_of_initialization       cinit            000031
fputc@c                     cstackBANK0      000020
fputc@fp                    cstackBANK0      000022
fputs@c                     cstackBANK0      00002B
fputs@fp                    cstackBANK0      000028
fputs@i                     cstackBANK0      00002C
fputs@s                     cstackBANK0      00002E
i1_readEEPROM               text37           001D6C
i1_writeEEPROM              text36           001DA5
i1readEEPROM@address        cstackCOMMON     000070
i1writeEEPROM@address       cstackCOMMON     000070
i1writeEEPROM@data          cstackCOMMON     000072
incrementTime@time          cstackCOMMON     000072
interrupt_function          intentry         000004
intlevel0                   functab          000000
intlevel1                   functab          000000
intlevel2                   functab          000000
intlevel3                   functab          000000
intlevel4                   functab          000000
intlevel5                   functab          000000
main@adcString1             cstackBANK1      0000EC
main@adcValue1              cstackBANK3      0001B0
main@adcValue2              cstackBANK3      0001A0
main@adcValue3              cstackBANK3      000190
main@binler                 cstackBANK3      0001B6
main@birler                 cstackBANK3      0001A8
main@combinedText           cstackBANK1      0000A6
main@combinedText_378       cstackBANK1      0000BA
main@dakika                 cstackBANK3      0001A4
main@displayValue           cstackBANK3      0001C0
main@epromAdresi            cstackBANK3      0001BC
main@gostermeliklcd         cstackBANK3      000198
main@ilkAcilis              cstackBANK3      0001AE
main@integerPart            cstackBANK3      0001B8
main@lcdText                cstackBANK1      0000CE
main@negativeDisplayValue   cstackBANK3      0001AA
main@negativeFeedValue      cstackBANK3      0001BE
main@olmazlar               cstackBANK3      0001A2
main@onlar                  cstackBANK3      0001A6
main@oranValue              cstackBANK3      000194
main@realSaat               cstackBANK3      0001C2
main@rpmString              cstackBANK1      0000E7
main@uartMessage            cstackBANK1      0000D7
main@uartMessage_374        cstackBANK1      0000DF
main@yuzler                 cstackBANK3      0001B4
pad@buf                     cstackBANK0      00002F
pad@fp                      cstackBANK0      000035
pad@i                       cstackBANK0      000033
pad@p                       cstackBANK0      000030
pnum$maintext               (abs)            00000F
pnum$maintext_split_1       (abs)            000038
pnum$maintext_split_2       (abs)            000039
psplit$0                    (abs)            0F0038
psplit$1                    (abs)            380039
readEEPROM@address          cstackBANK0      000026
read_prec_or_width@ap       cstackBANK0      000026
read_prec_or_width@c        cstackBANK0      00002A
read_prec_or_width@fmt      cstackBANK0      00002D
read_prec_or_width@n        cstackBANK0      00002B
reset_vec                   reset_vec        000000
saved_w                     (abs)            00007E
sprintf@ap                  cstackBANK0      000060
sprintf@f                   cstackBANK0      000062
sprintf@fmt                 cstackBANK0      000055
sprintf@s                   cstackBANK0      000061
start                       init             00000E
start_initialization        cinit            000011
utoa@d                      cstackBANK0      000036
utoa@fp                     cstackBANK0      000038
utoa@i                      cstackBANK0      00003C
utoa@p                      cstackBANK0      000039
utoa@w                      cstackBANK0      00003A
vfpfcnvrt@ap                cstackBANK0      000042
vfpfcnvrt@convarg           cstackBANK0      000048
vfpfcnvrt@cp                cstackBANK0      00004D
vfpfcnvrt@done              cstackBANK0      000047
vfpfcnvrt@fmt               cstackBANK0      000041
vfpfcnvrt@fp                cstackBANK0      00004C
vfprintf@ap                 cstackBANK0      000051
vfprintf@cfmt               cstackBANK0      000053
vfprintf@fmt                cstackBANK0      00004F
vfprintf@fp                 cstackBANK0      000052
writeEEPROM@address         cstackBANK0      000020
writeEEPROM@data            cstackBANK0      000022
wtemp0                      (abs)            00007E
yagBakim@i                  cstackBANK0      00002C


MODULE INFORMATION

Module		Function		Class		Link	Load	Size
C:\Program Files\Microchip\xc8\v2.45\pic\sources\c99\common\Umul16.c
		___wmul        		CODE           	1E59	0000	39

C:\Program Files\Microchip\xc8\v2.45\pic\sources\c99\common\Umul16.c estimated size: 39

main1.c
		_incrementTime 		CODE           	11A6	0000	103
		_yagBakim      		CODE           	07A9	0000	82
		_main          		CODE           	1694	0000	2773
		_timer_isr     		CODE           	06E3	0000	198
		_readEEPROM    		CODE           	1D90	0000	21
		_writeEEPROM   		CODE           	1DD7	0000	28

main1.c estimated size: 3205

uart_lib.c
		_UART_Write_Text		CODE           	1EE2	0000	70
		_UART_Initialize		CODE           	1D5C	0000	16
		_UART_Write    		CODE           	1D4E	0000	14

uart_lib.c estimated size: 100

./lcd.h
		_Lcd_Write_String		CODE           	1F6E	0000	70
		_Lcd_Init      		CODE           	1143	0000	99
		_Lcd_Write_Char		CODE           	1EA9	0000	57
		_Lcd_Cmd       		CODE           	1DBB	0000	28
		_Lcd_Set_Cursor		CODE           	1042	0000	76
		_Lcd_Clear     		CODE           	1D41	0000	13
		_Lcd_Port      		CODE           	1DF3	0000	32

./lcd.h estimated size: 375

C:\Program Files\Microchip\xc8\v2.45\pic\sources\c99\common\sprcmul.c
		___flmul       		CODE           	0831	0000	837

C:\Program Files\Microchip\xc8\v2.45\pic\sources\c99\common\sprcmul.c estimated size: 837

C:\Program Files\Microchip\xc8\v2.45\pic\sources\c99\common\nf_fputs.c
		_fputs         		CODE           	0807	0000	42

C:\Program Files\Microchip\xc8\v2.45\pic\sources\c99\common\nf_fputs.c estimated size: 42

C:\Program Files\Microchip\xc8\v2.45\pic\sources\c99\common\sprcdiv.c
		___fldiv       		CODE           	0514	0000	463

C:\Program Files\Microchip\xc8\v2.45\pic\sources\c99\common\sprcdiv.c estimated size: 463

C:\Program Files\Microchip\xc8\v2.45\pic\sources\c99\common\nf_sprintf.c
		_sprintf       		CODE           	1E13	0000	33

C:\Program Files\Microchip\xc8\v2.45\pic\sources\c99\common\nf_sprintf.c estimated size: 33

C:\Program Files\Microchip\xc8\v2.45\pic\sources\c99\common\lwmod.c
		___lwmod       		CODE           	1006	0000	60

C:\Program Files\Microchip\xc8\v2.45\pic\sources\c99\common\lwmod.c estimated size: 60

C:\Program Files\Microchip\xc8\v2.45\pic\sources\c99\common\awmod.c
		___awmod       		CODE           	10E8	0000	91

C:\Program Files\Microchip\xc8\v2.45\pic\sources\c99\common\awmod.c estimated size: 91

C:\Program Files\Microchip\xc8\v2.45\pic\sources\c99\common\putch.c
		_putch         		CODE           	07FD	0000	1

C:\Program Files\Microchip\xc8\v2.45\pic\sources\c99\common\putch.c estimated size: 1

shared
		__stringtab    		STRING         	196B	0000	18
		i1_writeEEPROM 		CODE           	1DA5	0000	22
		__initialization		CODE           	0011	0000	32
		i1_readEEPROM  		CODE           	1D6C	0000	17

shared estimated size: 89

C:\Program Files\Microchip\xc8\v2.45\pic\sources\c99\common\xxtofl.c
		___xxtofl      		CODE           	13D8	0000	186

C:\Program Files\Microchip\xc8\v2.45\pic\sources\c99\common\xxtofl.c estimated size: 186

C:\Program Files\Microchip\xc8\v2.45\pic\sources\c99\common\abs.c
		_abs           		CODE           	1D7D	0000	19

C:\Program Files\Microchip\xc8\v2.45\pic\sources\c99\common\abs.c estimated size: 19

C:\Program Files\Microchip\xc8\v2.45\pic\sources\c99\common\Umul8_16.c
		__Umul8_16     		CODE           	1E80	0000	41

C:\Program Files\Microchip\xc8\v2.45\pic\sources\c99\common\Umul8_16.c estimated size: 41

C:\Program Files\Microchip\xc8\v2.45\pic\sources\c99\common\nf_fputc.c
		_fputc         		CODE           	108E	0000	90

C:\Program Files\Microchip\xc8\v2.45\pic\sources\c99\common\nf_fputc.c estimated size: 90

C:\Program Files\Microchip\xc8\v2.45\pic\sources\c99\common\doprnt.c
		_read_prec_or_width		CODE           	1276	0000	110
		_vfpfcnvrt     		CODE           	1555	0000	319
		_pad           		CODE           	1FB4	0000	76
		_dtoa          		CODE           	1492	0000	195
		_vfprintf      		CODE           	1E34	0000	37
		_utoa          		CODE           	135C	0000	124

C:\Program Files\Microchip\xc8\v2.45\pic\sources\c99\common\doprnt.c estimated size: 861

C:\Program Files\Microchip\xc8\v2.45\pic\sources\c99\common\lwdiv.c
		___lwdiv       		CODE           	1F28	0000	70

C:\Program Files\Microchip\xc8\v2.45\pic\sources\c99\common\lwdiv.c estimated size: 70

C:\Program Files\Microchip\xc8\v2.45\pic\sources\c99\common\awdiv.c
		___awdiv       		CODE           	120D	0000	105

C:\Program Files\Microchip\xc8\v2.45\pic\sources\c99\common\awdiv.c estimated size: 105

C:\Program Files\Microchip\xc8\v2.45\pic\sources\c99\common\fltol.c
		___fltol       		CODE           	12E4	0000	120

C:\Program Files\Microchip\xc8\v2.45\pic\sources\c99\common\fltol.c estimated size: 120

