Microchip MPLAB XC8 Compiler V2.41

Linker command line:

-W-3 \
  --edf=C:/Program Files/Microchip/MPLABX/v6.10/packs/Microchip/PIC16Fxxx_DFP/1.4.149/xc8\pic\dat\20230322214319_en.msgs \
  -cn -h+dist/default/production\HiK_LCD_Project.X.production.sym \
  --cmf=dist/default/production\HiK_LCD_Project.X.production.cmf -z \
  -Q16F877A -oC:\Users\ibrah\AppData\Local\Temp\xcBsfvs.1\driver_tmp_3.o \
  --defsym=__MPLAB_BUILD=1 --fixupoverflow=error \
  -Mdist/default/production/HiK_LCD_Project.X.production.map \
  --md=C:\Users\ibrah\AppData\Local\Temp\xcBsfvs.1\driver_tmp_0.dat -E1 \
  -ver=XC8 Compiler --acfsm=1493 -ACODE=00h-07FFhx4 -ASTRCODE=00h-01FFFh \
  -ASTRING=00h-0FFhx32 -ACONST=00h-0FFhx32 -AENTRY=00h-0FFhx32 \
  -ACOMMON=070h-07Fh -ABANK0=020h-06Fh -ABANK1=0A0h-0EFh \
  -ABANK2=0110h-016Fh -ABANK3=0190h-01EFh \
  -ARAM=020h-06Fh,0A0h-0EFh,0110h-016Fh,0190h-01EFh \
  -AABS1=020h-07Fh,0A0h-0EFh,0110h-016Fh,0190h-01EFh -ASFR0=00h-01Fh \
  -ASFR1=080h-09Fh -ASFR2=0100h-010Fh -ASFR3=0180h-018Fh \
  -ACONFIG=02007h-02007h -DCONFIG=2 -AIDLOC=02000h-02003h -DIDLOC=2 \
  -AEEDATA=00h-0FFh/02100h -peeprom_data=EEDATA -DEEDATA=2 -DCODE=2 \
  -DSTRCODE=2 -DSTRING=2 -DCONST=2 -DENTRY=2 \
  -preset_vec=00h,intentry=04h,init,end_init -ppowerup=CODE -pcinit=CODE \
  -pfunctab=ENTRY -k \
  C:\Users\ibrah\AppData\Local\Temp\xcBsfvs.1\driver_tmp_17.o \
  dist/default/production\HiK_LCD_Project.X.production.o 

Object code version is 3.11

Machine type is 16F877A



                Name                               Link     Load   Length Selector   Space Scale
C:\Users\ibrah\AppData\Local\Temp\xcBsfvs.1\driver_tmp_17.o
                end_init                              E        E        3        8       0
                reset_vec                             0        0        3        0       0
                config                             2007     2007        1        0       4
dist/default/production\HiK_LCD_Project.X.production.o
                cinit                                11       11       2C        8       0
                intentry                              4        4        A        8       0
                maintext_split_3                     3D       3D      68A        8       0
                maintext_split_2                   1681     1681      17F     2D02       0
                maintext_split_1                   1577     1577      10A     2AEE       0
                config                             2007     2007        1        0       4
                text24                             1408     1408       48     2810       0
                text23                             1283     1283       27     2506       0
                text22                             1263     1263       20     24C6       0
                text21                             122B     122B       1C     2456       0
                text20                             11D7     11D7        D     23AE       0
                text19                             149C     149C       63     2938       0
                text18                             1450     1450       4C     28A0       0
                text17                              802      802       39     1004       0
                text16                             1336     1336       46     266C       0
                text15                             11F2     11F2       10     23E4       0
                text14                             11E4     11E4        E     23C8       0
                text13                             137C     137C       46     26F8       0
                text12                              8F5      8F5      1CF     11EA       0
                text11                             12D1     12D1       29     25A2       0
                text10                              CBB      CBB      345     1976       0
                text9                              14FF     14FF       78     29FE       0
                text8                               83B      83B       BA     1076       0
                text7                              1216     1216       15     242C       0
                text6                              13C2     13C2       46     2784       0
                text5                              12FA     12FA       3C     25F4       0
                text4                              12AA     12AA       27     2554       0
                text3                              1202     1202       14     2404       0
                text2                               AC4      AC4      1F7     1588       0
                text1                              1247     1247       1C     248E       0
                maintext                            6C7      6C7      134        8       0
                cstackBANK0                          20       20       4E       20       1
                cstackCOMMON                         70       70        6       70       1
                cstackBANK1                          A0       A0       50       A0       1
                cstackBANK3                         190      190       10      190       1
                dataBANK3                           1A0      1A0        6      190       1
                bssCOMMON                            76       76        2       70       1
                stringtext                         1800     1800      172       30       0
                idataBANK3                         11D1     11D1        6     23A2       0

TOTAL           Name                               Link     Load   Length     Space
        CLASS   CODE           
                end_init                              E        E        3         0
                cinit                                11       11       2C         0
                intentry                              4        4        A         0
                reset_vec                             0        0        3         0
                maintext_split_3                     3D       3D      68A         0
                maintext_split_2                   1681     1681      17F         0
                maintext_split_1                   1577     1577      10A         0
                text24                             1408     1408       48         0
                text23                             1283     1283       27         0
                text22                             1263     1263       20         0
                text21                             122B     122B       1C         0
                text20                             11D7     11D7        D         0
                text19                             149C     149C       63         0
                text18                             1450     1450       4C         0
                text17                              802      802       39         0
                text16                             1336     1336       46         0
                text15                             11F2     11F2       10         0
                text14                             11E4     11E4        E         0
                text13                             137C     137C       46         0
                text12                              8F5      8F5      1CF         0
                text11                             12D1     12D1       29         0
                text10                              CBB      CBB      345         0
                text9                              14FF     14FF       78         0
                text8                               83B      83B       BA         0
                text7                              1216     1216       15         0
                text6                              13C2     13C2       46         0
                text5                              12FA     12FA       3C         0
                text4                              12AA     12AA       27         0
                text3                              1202     1202       14         0
                text2                               AC4      AC4      1F7         0
                text1                              1247     1247       1C         0
                maintext                            6C7      6C7      134         0
                idataBANK3                         11D1     11D1        6         0

        CLASS   STRCODE        
                stringtext                         1800     1800      172         0

        CLASS   STRING         

        CLASS   CONST          

        CLASS   ENTRY          

        CLASS   COMMON         
                cstackCOMMON                         70       70        6         1
                bssCOMMON                            76       76        2         1

        CLASS   BANK0          
                cstackBANK0                          20       20       4E         1

        CLASS   BANK1          
                cstackBANK1                          A0       A0       50         1

        CLASS   BANK2          

        CLASS   BANK3          
                cstackBANK3                         190      190       10         1
                dataBANK3                           1A0      1A0        6         1

        CLASS   RAM            

        CLASS   ABS1           
                abs_s1                               7E       7E        2         1

        CLASS   SFR0           

        CLASS   SFR1           

        CLASS   SFR2           

        CLASS   SFR3           

        CLASS   CONFIG         
                config                             2007     2007        1         4

        CLASS   IDLOC          

        CLASS   EEDATA         

        CLASS   STACK          



SEGMENTS        Name                           Load    Length   Top    Selector   Space  Class     Delta

                reset_vec                      000000  000003  000003         0       0  CODE        2
                intentry                       000004  0007F7  0007FB         8       0  CODE        2
                cstackBANK0                    000020  00004E  00006E        20       1  BANK0       1
                cstackCOMMON                   000070  000008  000078        70       1  COMMON      1
                cstackBANK1                    0000A0  000050  0000F0        A0       1  BANK1       1
                cstackBANK3                    000190  000016  0001A6       190       1  BANK3       1
                text17                         000802  000039  00083B      1004       0  CODE        2
                text8                          00083B  0000BA  0008F5      1076       0  CODE        2
                text12                         0008F5  0001CF  000AC4      11EA       0  CODE        2
                text2                          000AC4  0001F7  000CBB      1588       0  CODE        2
                text10                         000CBB  000345  001000      1976       0  CODE        2
                idataBANK3                     0011D1  000006  0011D7      23A2       0  CODE        2
                text20                         0011D7  00000D  0011E4      23AE       0  CODE        2
                text14                         0011E4  00000E  0011F2      23C8       0  CODE        2
                text15                         0011F2  000010  001202      23E4       0  CODE        2
                text3                          001202  000014  001216      2404       0  CODE        2
                text7                          001216  000015  00122B      242C       0  CODE        2
                text21                         00122B  00001C  001247      2456       0  CODE        2
                text1                          001247  00001C  001263      248E       0  CODE        2
                text22                         001263  000020  001283      24C6       0  CODE        2
                text23                         001283  000027  0012AA      2506       0  CODE        2
                text4                          0012AA  000027  0012D1      2554       0  CODE        2
                text11                         0012D1  000029  0012FA      25A2       0  CODE        2
                text5                          0012FA  00003C  001336      25F4       0  CODE        2
                text16                         001336  000046  00137C      266C       0  CODE        2
                text13                         00137C  000046  0013C2      26F8       0  CODE        2
                text6                          0013C2  000046  001408      2784       0  CODE        2
                text24                         001408  000048  001450      2810       0  CODE        2
                text18                         001450  00004C  00149C      28A0       0  CODE        2
                text19                         00149C  000063  0014FF      2938       0  CODE        2
                text9                          0014FF  000078  001577      29FE       0  CODE        2
                maintext_split_1               001577  00010A  001681      2AEE       0  CODE        2
                maintext_split_2               001681  00017F  001800      2D02       0  CODE        2
                stringtext                     001800  000172  001972        30       0  STRCODE     2


UNUSED ADDRESS RANGES

        Name                Unused          Largest block    Delta
        BANK0            00006E-00006F                2           1
        BANK2            000110-00016F               60           1
        BANK3            0001A6-0001EF               4A           1
        CODE             000003-000003                1           2
                         0007FB-000801                5
                         001000-0011D0              1D1
                         001972-001FFF              68E
        COMMON           000078-00007D                6           1
        CONST            000003-000003                1           2
                         0007FB-000801                5
                         001000-0011D0              100
                         001972-001FFF              100
        EEDATA           002100-0021FF              100           2
        ENTRY            000003-000003                1           2
                         0007FB-000801                5
                         001000-0011D0              100
                         001972-001FFF              100
        IDLOC            002000-002003                4           2
        RAM              00006E-00006F                2           1
                         000110-00016F               60
                         0001A6-0001EF               4A
        SFR0             000000-00001F               20           1
        SFR1             000080-00009F               20           1
        SFR2             000100-00010F               10           1
        SFR3             000180-00018F               10           1
        STRCODE          000003-000003                1           2
                         0007FB-000801                7
                         001000-0011D0              1D1
                         001972-001FFF              68E
        STRING           000003-000003                1           2
                         0007FB-000801                5
                         001000-0011D0              100
                         001972-001FFF              100

                                  Symbol Table

?__Umul8_16               cstackBANK0      000020
?___fldiv                 cstackBANK0      000020
?___flmul                 cstackBANK0      00003A
?___fltol                 cstackBANK0      000020
?___lwdiv                 cstackBANK0      000026
?___lwmod                 cstackBANK0      00002D
?___wmul                  cstackBANK0      000020
?___xxtofl                cstackBANK0      000020
?_readEEPROM              cstackBANK0      000020
?_sprintf                 cstackBANK0      000032
Lcd_Cmd@a                 cstackBANK0      000023
Lcd_Port@a                cstackBANK0      000020
Lcd_Set_Cursor@a          cstackBANK0      000026
Lcd_Set_Cursor@b          cstackBANK0      000024
Lcd_Set_Cursor@temp       cstackBANK0      000029
Lcd_Set_Cursor@y          cstackBANK0      000028
Lcd_Set_Cursor@z          cstackBANK0      000027
Lcd_Write_Char@a          cstackBANK0      000024
Lcd_Write_Char@temp       cstackBANK0      000022
Lcd_Write_Char@y          cstackBANK0      000023
Lcd_Write_String@a        cstackBANK0      000025
Lcd_Write_String@i        cstackBANK0      00002A
UART_Write@data           cstackBANK0      000020
UART_Write_Text@i         cstackBANK0      000026
UART_Write_Text@text      cstackBANK0      000021
_ADCON0bits               (abs)            00001F
_ADCON1bits               (abs)            00009F
_ADRESH                   (abs)            00001E
_ADRESL                   (abs)            00009E
_EEADR                    (abs)            00010D
_EECON2                   (abs)            00018D
_EEDATA                   (abs)            00010C
_GIE                      (abs)            00005F
_INTCONbits               (abs)            00000B
_Lcd_Clear                text20           0011D7
_Lcd_Cmd                  text21           00122B
_Lcd_Init                 text19           00149C
_Lcd_Port                 text22           001263
_Lcd_Set_Cursor           text18           001450
_Lcd_Write_Char           text17           000802
_Lcd_Write_String         text16           001336
_OPTION_REGbits           (abs)            000081
_RA4                      (abs)            00002C
_RB0                      (abs)            000030
_RB1                      (abs)            000031
_RB2                      (abs)            000032
_RB3                      (abs)            000033
_RB4                      (abs)            000034
_RB5                      (abs)            000035
_RC0                      (abs)            000038
_RC1                      (abs)            000039
_RC2                      (abs)            00003A
_RC3                      (abs)            00003B
_RCSTA                    (abs)            000018
_RD                       (abs)            000C60
_RD0                      (abs)            000040
_RE0                      (abs)            000048
_RE1                      (abs)            000049
_RE2                      (abs)            00004A
_SPBRG                    (abs)            000099
_T0IF                     (abs)            00005A
_TMR0                     (abs)            000001
_TRISA0                   (abs)            000428
_TRISA1                   (abs)            000429
_TRISA2                   (abs)            00042A
_TRISA3                   (abs)            00042B
_TRISA4                   (abs)            00042C
_TRISA5                   (abs)            00042D
_TRISB                    (abs)            000086
_TRISC0                   (abs)            000438
_TRISC1                   (abs)            000439
_TRISC2                   (abs)            00043A
_TRISC3                   (abs)            00043B
_TRISC4                   (abs)            00043C
_TRISC5                   (abs)            00043D
_TRISC6                   (abs)            00043E
_TRISC7                   (abs)            00043F
_TRISD                    (abs)            000088
_TRISD0                   (abs)            000440
_TRISE0                   (abs)            000448
_TRISE1                   (abs)            000449
_TRISE2                   (abs)            00044A
_TRMT                     (abs)            0004C1
_TXREG                    (abs)            000019
_TXSTA                    (abs)            000098
_UART_Initialize          text15           0011F2
_UART_Write               text14           0011E4
_UART_Write_Text          text13           00137C
_WR                       (abs)            000C61
_WREN                     (abs)            000C62
__H__absolute__           __absolute__     000000
__Habs1                   abs1             000000
__Hbank0                  bank0            000000
__Hbank1                  bank1            000000
__Hbank2                  bank2            000000
__Hbank3                  bank3            000000
__HbssCOMMON              bssCOMMON        000000
__Hcinit                  cinit            00003D
__Hclrtext                clrtext          000000
__Hcode                   code             000000
__Hcommon                 common           000000
__Hconfig                 config           002008
__HcstackBANK0            cstackBANK0      000000
__HcstackBANK1            cstackBANK1      000000
__HcstackBANK3            cstackBANK3      000000
__HcstackCOMMON           cstackCOMMON     000000
__HdataBANK3              dataBANK3        000000
__Heeprom_data            eeprom_data      000000
__Hend_init               end_init         000011
__Hfunctab                functab          000000
__HidataBANK3             idataBANK3       000000
__Hinit                   init             00000E
__Hintentry               intentry         00000E
__Hmaintext               maintext         000000
__Hmaintext_split_1       maintext_split_1 000000
__Hmaintext_split_2       maintext_split_2 000000
__Hmaintext_split_3       maintext_split_3 000000
__Hpowerup                powerup          000000
__Hram                    ram              000000
__Hreset_vec              reset_vec        000003
__Hsfr0                   sfr0             000000
__Hsfr1                   sfr1             000000
__Hsfr2                   sfr2             000000
__Hsfr3                   sfr3             000000
__Hspace_0                (abs)            001972
__Hspace_1                (abs)            0001A6
__Hspace_2                (abs)            000000
__Hspace_3                (abs)            000000
__Hspace_4                (abs)            00400F
__Hstack                  stack            000000
__Hstrings                strings          000000
__Hstringtext             stringtext       000000
__Htext                   text             000000
__L__absolute__           __absolute__     000000
__Labs1                   abs1             000000
__Lbank0                  bank0            000000
__Lbank1                  bank1            000000
__Lbank2                  bank2            000000
__Lbank3                  bank3            000000
__LbssCOMMON              bssCOMMON        000000
__Lcinit                  cinit            000011
__Lclrtext                clrtext          000000
__Lcode                   code             000000
__Lcommon                 common           000000
__Lconfig                 config           000000
__LcstackBANK0            cstackBANK0      000000
__LcstackBANK1            cstackBANK1      000000
__LcstackBANK3            cstackBANK3      000000
__LcstackCOMMON           cstackCOMMON     000000
__LdataBANK3              dataBANK3        000000
__Leeprom_data            eeprom_data      000000
__Lend_init               end_init         00000E
__Lfunctab                functab          000000
__LidataBANK3             idataBANK3       000000
__Linit                   init             00000E
__Lintentry               intentry         000004
__Lmaintext               maintext         000000
__Lmaintext_split_1       maintext_split_1 000000
__Lmaintext_split_2       maintext_split_2 000000
__Lmaintext_split_3       maintext_split_3 000000
__Lpowerup                powerup          000000
__Lram                    ram              000000
__Lreset_vec              reset_vec        000000
__Lsfr0                   sfr0             000000
__Lsfr1                   sfr1             000000
__Lsfr2                   sfr2             000000
__Lsfr3                   sfr3             000000
__Lspace_0                (abs)            000000
__Lspace_1                (abs)            000000
__Lspace_2                (abs)            000000
__Lspace_3                (abs)            000000
__Lspace_4                (abs)            000000
__Lstack                  stack            000000
__Lstrings                strings          000000
__Lstringtext             stringtext       000000
__Ltext                   text             000000
__S0                      (abs)            001972
__S1                      (abs)            0001A6
__S3                      (abs)            000000
__Umul8_16                text11           0012D1
__Umul8_16@multiplicand   cstackBANK0      000020
__Umul8_16@multiplier     cstackBANK0      000028
__Umul8_16@product        cstackBANK0      000024
__Umul8_16@word_mpld      cstackBANK0      000026
___fldiv                  text12           0008F5
___fldiv@a                cstackBANK0      000020
___fldiv@aexp             cstackBANK0      000039
___fldiv@b                cstackBANK0      000024
___fldiv@bexp             cstackBANK0      000038
___fldiv@grs              cstackBANK0      000034
___fldiv@new_exp          cstackBANK0      000032
___fldiv@rem              cstackBANK0      00002D
___fldiv@sign             cstackBANK0      000031
___flmul                  text10           000CBB
___flmul@a                cstackBANK0      00003E
___flmul@aexp             cstackBANK0      000048
___flmul@b                cstackBANK0      00003A
___flmul@bexp             cstackBANK0      00004D
___flmul@grs              cstackBANK0      000049
___flmul@prod             cstackBANK0      00004E
___flmul@sign             cstackBANK0      000047
___flmul@temp             cstackBANK0      000052
___fltol                  text9            0014FF
___fltol@exp1             cstackBANK0      000029
___fltol@f1               cstackBANK0      000020
___fltol@sign1            cstackBANK0      000028
___int_sp                 stack            000000
___latbits                (abs)            000002
___lwdiv                  text6            0013C2
___lwdiv@counter          cstackBANK0      00002C
___lwdiv@dividend         cstackBANK0      000028
___lwdiv@divisor          cstackBANK0      000026
___lwdiv@quotient         cstackBANK0      00002A
___lwmod                  text5            0012FA
___lwmod@counter          cstackBANK0      000031
___lwmod@dividend         cstackBANK0      00002F
___lwmod@divisor          cstackBANK0      00002D
___sp                     stack            000000
___stackhi                (abs)            000000
___stacklo                (abs)            000000
___wmul                   text4            0012AA
___wmul@multiplicand      cstackBANK0      000022
___wmul@multiplier        cstackBANK0      000020
___wmul@product           cstackBANK0      000024
___xxtofl                 text8            00083B
___xxtofl@arg             cstackBANK0      00002A
___xxtofl@exp             cstackBANK0      000029
___xxtofl@sign            cstackBANK0      000028
___xxtofl@val             cstackBANK0      000020
__end_of_Lcd_Clear        text20           0011E4
__end_of_Lcd_Cmd          text21           001247
__end_of_Lcd_Init         text19           0014FF
__end_of_Lcd_Port         text22           001283
__end_of_Lcd_Set_Cursor   text18           00149C
__end_of_Lcd_Write_Char   text17           00083B
__end_of_Lcd_Write_String text16           00137C
__end_of_UART_Initialize  text15           001202
__end_of_UART_Write       text14           0011F2
__end_of_UART_Write_Text  text13           0013C2
__end_of__Umul8_16        text11           0012FA
__end_of___fldiv          text12           000AC4
__end_of___flmul          text10           001000
__end_of___fltol          text9            001577
__end_of___lwdiv          text6            001408
__end_of___lwmod          text5            001336
__end_of___wmul           text4            0012D1
__end_of___xxtofl         text8            0008F5
__end_of__initialization  cinit            000039
__end_of__stringtab       stringtext       001812
__end_of_dpowers          stringtext       00181C
__end_of_incrementTime    text24           001450
__end_of_isdigit          text3            001216
__end_of_main             maintext_split_3 0006C7
__end_of_readEEPROM       text7            00122B
__end_of_sprintf          text2            000CBB
__end_of_timer_isr        text23           0012AA
__end_of_writeEEPROM      text1            001263
__initialization          cinit            000011
__pbssCOMMON              bssCOMMON        000076
__pcstackBANK0            cstackBANK0      000020
__pcstackBANK1            cstackBANK1      0000A0
__pcstackBANK3            cstackBANK3      000190
__pcstackCOMMON           cstackCOMMON     000070
__pdataBANK3              dataBANK3        0001A0
__pidataBANK3             idataBANK3       0011D1
__pintentry               intentry         000004
__pmaintext               maintext         0006C7
__pstringtext             stringtext       001800
__ptext1                  text1            001247
__ptext10                 text10           000CBB
__ptext11                 text11           0012D1
__ptext12                 text12           0008F5
__ptext13                 text13           00137C
__ptext14                 text14           0011E4
__ptext15                 text15           0011F2
__ptext16                 text16           001336
__ptext17                 text17           000802
__ptext18                 text18           001450
__ptext19                 text19           00149C
__ptext2                  text2            000AC4
__ptext20                 text20           0011D7
__ptext21                 text21           00122B
__ptext22                 text22           001263
__ptext23                 text23           001283
__ptext24                 text24           001408
__ptext3                  text3            001202
__ptext4                  text4            0012AA
__ptext5                  text5            0012FA
__ptext6                  text6            0013C2
__ptext7                  text7            001216
__ptext8                  text8            00083B
__ptext9                  text9            0014FF
__stringbase              stringtext       001812
__stringtab               stringtext       001800
_currentTime              dataBANK3        0001A0
_dpowers                  stringtext       001812
_incrementTime            text24           001408
_isdigit                  text3            001202
_isdigit$850              cstackBANK0      000020
_kesmeSayaci              bssCOMMON        000076
_main                     maintext         0006C7
_readEEPROM               text7            001216
_sprintf                  text2            000AC4
_timer_isr                text23           001283
_writeEEPROM              text1            001247
btemp                     (abs)            00007E
end_of_initialization     cinit            000039
incrementTime@time        cstackCOMMON     000072
interrupt_function        intentry         000004
intlevel0                 functab          000000
intlevel1                 functab          000000
intlevel2                 functab          000000
intlevel3                 functab          000000
intlevel4                 functab          000000
intlevel5                 functab          000000
isdigit@c                 cstackBANK0      000021
main@adcString1           cstackBANK1      0000E0
main@adcValue1            cstackBANK1      0000E6
main@adcValue2            cstackBANK1      0000D6
main@adcValue3            cstackBANK1      0000D8
main@binler               cstackBANK3      000198
main@birler               cstackBANK1      0000DC
main@combinedText         cstackBANK0      000058
main@combinedText_375     cstackBANK1      0000A0
main@displayValue         cstackBANK3      00019E
main@gostermeliklcd       cstackBANK1      0000CD
main@i                    cstackBANK1      0000EC
main@i_321                cstackBANK1      0000EE
main@i_324                cstackBANK3      000190
main@i_327                cstackBANK3      000192
main@i_330                cstackBANK3      000194
main@i_333                cstackBANK3      000196
main@ilkAcilis            cstackBANK1      0000E4
main@integerPart          cstackBANK3      00019A
main@lcdText              cstackBANK1      0000B4
main@negativeDisplayValue cstackBANK1      0000DE
main@negativeFeedValue    cstackBANK3      00019C
main@onlar                cstackBANK1      0000DA
main@rpmString            cstackBANK1      0000D1
main@rpmValue             cstackBANK0      00006C
main@uartMessage          cstackBANK1      0000BD
main@uartMessage_371      cstackBANK1      0000C5
main@yuzler               cstackBANK1      0000EA
pnum$maintext             (abs)            00000B
pnum$maintext_split_1     (abs)            000026
pnum$maintext_split_2     (abs)            000027
pnum$maintext_split_3     (abs)            000028
psplit$0                  (abs)            0B0026
psplit$1                  (abs)            260027
psplit$2                  (abs)            270028
readEEPROM@address        cstackBANK0      000020
reset_vec                 reset_vec        000000
saved_w                   (abs)            00007E
sprintf@ap                cstackBANK0      000041
sprintf@c                 cstackBANK0      000047
sprintf@f                 cstackBANK0      000032
sprintf@flag              cstackBANK0      000044
sprintf@prec              cstackBANK0      000040
sprintf@sp                cstackBANK0      000048
sprintf@val               cstackBANK0      000042
sprintf@width             cstackBANK0      000045
start                     init             00000E
start_initialization      cinit            000011
writeEEPROM@address       cstackBANK0      000020
writeEEPROM@data          cstackBANK0      000022
wtemp0                    (abs)            00007E


MODULE INFORMATION

Module		Function		Class		Link	Load	Size
C:\Program Files\Microchip\xc8\v2.41\pic\sources\c90\common\sprcmul.c
		___flmul       		CODE           	0CBB	0000	837

C:\Program Files\Microchip\xc8\v2.41\pic\sources\c90\common\sprcmul.c estimated size: 837

C:\Program Files\Microchip\xc8\v2.41\pic\sources\c90\common\sprcdiv.c
		___fldiv       		CODE           	08F5	0000	463

C:\Program Files\Microchip\xc8\v2.41\pic\sources\c90\common\sprcdiv.c estimated size: 463

uart_lib.c
		_UART_Write_Text		CODE           	137C	0000	70
		_UART_Initialize		CODE           	11F2	0000	16
		_UART_Write    		CODE           	11E4	0000	14

uart_lib.c estimated size: 100

C:\Program Files\Microchip\xc8\v2.41\pic\sources\c90\common\Umul16.c
		___wmul        		CODE           	12AA	0000	39

C:\Program Files\Microchip\xc8\v2.41\pic\sources\c90\common\Umul16.c estimated size: 39

C:\Program Files\Microchip\xc8\v2.41\pic\sources\c90\common\lwdiv.c
		___lwdiv       		CODE           	13C2	0000	70

C:\Program Files\Microchip\xc8\v2.41\pic\sources\c90\common\lwdiv.c estimated size: 70

C:\Program Files\Microchip\xc8\v2.41\pic\sources\c90\common\fltol.c
		___fltol       		CODE           	14FF	0000	120

C:\Program Files\Microchip\xc8\v2.41\pic\sources\c90\common\fltol.c estimated size: 120

./lcd.h
		_Lcd_Write_String		CODE           	1336	0000	70
		_Lcd_Init      		CODE           	149C	0000	99
		_Lcd_Write_Char		CODE           	0802	0000	57
		_Lcd_Cmd       		CODE           	122B	0000	28
		_Lcd_Set_Cursor		CODE           	1450	0000	76
		_Lcd_Clear     		CODE           	11D7	0000	13
		_Lcd_Port      		CODE           	1263	0000	32

./lcd.h estimated size: 375

C:\Program Files\Microchip\xc8\v2.41\pic\sources\c90\common\isdigit.c
		_isdigit       		CODE           	1202	0000	20

C:\Program Files\Microchip\xc8\v2.41\pic\sources\c90\common\isdigit.c estimated size: 20

C:\Program Files\Microchip\xc8\v2.41\pic\sources\c90\common\xxtofl.c
		___xxtofl      		CODE           	083B	0000	186

C:\Program Files\Microchip\xc8\v2.41\pic\sources\c90\common\xxtofl.c estimated size: 186

shared
		__stringtab    		STRCODE        	1800	0000	18
		_dpowers       		STRCODE        	1812	0000	10
		__initialization		CODE           	0011	0000	40

shared estimated size: 68

C:\Program Files\Microchip\xc8\v2.41\pic\sources\c90\common\Umul8_16.c
		__Umul8_16     		CODE           	12D1	0000	41

C:\Program Files\Microchip\xc8\v2.41\pic\sources\c90\common\Umul8_16.c estimated size: 41

C:\Program Files\Microchip\xc8\v2.41\pic\sources\c90\common\doprnt.c
		_sprintf       		CODE           	0AC4	0000	503

C:\Program Files\Microchip\xc8\v2.41\pic\sources\c90\common\doprnt.c estimated size: 503

C:\Program Files\Microchip\xc8\v2.41\pic\sources\c90\common\lwmod.c
		___lwmod       		CODE           	12FA	0000	60

C:\Program Files\Microchip\xc8\v2.41\pic\sources\c90\common\lwmod.c estimated size: 60

main.c
		_incrementTime 		CODE           	1408	0000	72
		_main          		CODE           	06C7	0000	2631
		_timer_isr     		CODE           	1283	0000	39
		_readEEPROM    		CODE           	1216	0000	21
		_writeEEPROM   		CODE           	1247	0000	28

main.c estimated size: 2791

