Microchip MPLAB XC8 Compiler V2.41

Linker command line:

-W-3 \
  --edf=C:/Program Files/Microchip/MPLABX/v6.10/packs/Microchip/PIC16Fxxx_DFP/1.4.149/xc8\pic\dat\20230322214319_en.msgs \
  -cn \
  -h+.ca/dist/defaultActiveCA/production\HiK_LCD_Project.X.production.sym \
  --cmf=.ca/dist/defaultActiveCA/production\HiK_LCD_Project.X.production.cmf \
  -z -w9 --disl=596:off --norlf -Q16F877A \
  -oC:\Users\ibrah\AppData\Local\Temp\xcAs8qc.\driver_tmp_3.o \
  --defsym=__MPLAB_BUILD=1 \
  -M.ca/dist/defaultActiveCA/production/HiK_LCD_Project.X.production.map \
  --md=C:\Users\ibrah\AppData\Local\Temp\xcAs8qc.\driver_tmp_0.dat -E1 \
  -ver=XC8 Compiler --acfsm=1493 -ACODE=00h-07FFhx4 -ASTRCODE=00h-01FFFh \
  -ASTRING=00h-0FFhx32 -ACONST=00h-0FFhx32 -AENTRY=00h-0FFhx32 \
  -ACOMMON=070h-07Fh -ABANK0=020h-06Fh -ABANK1=0A0h-0EFh \
  -ABANK2=0110h-016Fh -ABANK3=0190h-01EFh \
  -ARAM=020h-06Fh,0A0h-0EFh,0110h-016Fh,0190h-01EFh \
  -AABS1=020h-07Fh,0A0h-0EFh,0110h-016Fh,0190h-01EFh -ASFR0=00h-01Fh \
  -ASFR1=080h-09Fh -ASFR2=0100h-010Fh -ASFR3=0180h-018Fh \
  -ACONFIG=02007h-02007h -DCONFIG=2 -AIDLOC=02000h-02003h -DIDLOC=2 \
  -AEEDATA=00h-0FFh/02100h -peeprom_data=EEDATA -DEEDATA=2 -DCODE=2 \
  -DSTRCODE=2 -DSTRING=2 -DCONST=2 -DENTRY=2 \
  -preset_vec=00h,intentry,init,end_init -ppowerup=CODE -pcinit=CODE \
  -pfunctab=ENTRY -k \
  C:\Users\ibrah\AppData\Local\Temp\xcAs8qc.\driver_tmp_17.o \
  .ca/dist/defaultActiveCA/production\HiK_LCD_Project.X.production.o 

Object code version is 3.11

Machine type is 16F877A



                Name                               Link     Load   Length Selector   Space Scale
C:\Users\ibrah\AppData\Local\Temp\xcAs8qc.\driver_tmp_17.o
                end_init                              0        0        4        0       0
                config                             2007     2007        1        0       4
.ca/dist/defaultActiveCA/production\HiK_LCD_Project.X.production.o
                cinit                               7FC      7FC        4      FF8       0
                text1_split_1                       1A2      1A2      65A      344       0
                config                             2007     2007        1        0       4
                text33                                0        0       22        0       0
                text32                               22       22       1A        0       0
                text31                               3C       3C        D        0       0
                text30                             19A8     19A8       5D     3350       0
                text29                               49       49       46        0       0
                text28                               8F       8F       33        0       0
                text27                               C2       C2       42        0       0
                text26                             1001     1001       10     2002       0
                text25                              104      104        C        0       0
                text24                              110      110       42        0       0
                text23                             1011     1011      1CF     2022       0
                text22                              152      152       4E        0       0
                text21                             1AE3     1AE3       A2     35C6       0
                text20                              1A0      1A0        B        0       0
                text19                             1DA8     1DA8      258     3B50       0
                text18                              1AB      1AB       24        0       0
                text17                             1A6B     1A6B       78     34D6       0
                text16                             1A05     1A05       66     340A       0
                text15                              1CF      1CF       56        0       0
                text14                              225      225       25        0       0
                text13                               32       32       B8       64       0
                text12                               EA       EA       B8      1D4       0
                text11                              86F      86F       B7     10DE       0
                text10                                B        B       27       16       0
                text9                               926      926      345     124C       0
                text8                               24A      24A       44        0       0
                text7                               28E      28E       3A        0       0
                text6                              1B85     1B85      223     370A       0
                text5                              193D     193D       12     327A       0
                text4                               808      808       67     1010       0
                text3                              194F     194F       59     329E       0
                text2                               C6B      C6B      395     18D6       0
                text1                              11E0     11E0      304     23C0       0
                maintext                           14E4     14E4      31C     29C8       0
                cstackBANK0                          20       20       50       20       1
                cstackCOMMON                         70       70        E       70       1
                cstackBANK1                          A0       A0       23       A0       1
                cstackBANK3                         190      190       3C      190       1
                stringtext                         1800     1800      137       30       0

TOTAL           Name                               Link     Load   Length     Space
        CLASS   CODE           
                end_init                              0        0        4         0
                cinit                               7FC      7FC        4         0
                text1_split_1                       1A2      1A2      65A         0
                text33                                0        0       22         0
                text32                               22       22       1A         0
                text31                               3C       3C        D         0
                text30                             19A8     19A8       5D         0
                text29                               49       49       46         0
                text28                               8F       8F       33         0
                text27                               C2       C2       42         0
                text26                             1001     1001       10         0
                text25                              104      104        C         0
                text24                              110      110       42         0
                text23                             1011     1011      1CF         0
                text22                              152      152       4E         0
                text21                             1AE3     1AE3       A2         0
                text20                              1A0      1A0        B         0
                text19                             1DA8     1DA8      258         0
                text18                              1AB      1AB       24         0
                text17                             1A6B     1A6B       78         0
                text16                             1A05     1A05       66         0
                text15                              1CF      1CF       56         0
                text14                              225      225       25         0
                text13                               32       32       B8         0
                text12                               EA       EA       B8         0
                text11                              86F      86F       B7         0
                text10                                B        B       27         0
                text9                               926      926      345         0
                text8                               24A      24A       44         0
                text7                               28E      28E       3A         0
                text6                              1B85     1B85      223         0
                text5                              193D     193D       12         0
                text4                               808      808       67         0
                text3                              194F     194F       59         0
                text2                               C6B      C6B      395         0
                text1                              11E0     11E0      304         0
                maintext                           14E4     14E4      31C         0

        CLASS   STRCODE        
                stringtext                         1800     1800      137         0

        CLASS   STRING         

        CLASS   CONST          

        CLASS   ENTRY          

        CLASS   COMMON         
                cstackCOMMON                         70       70        E         1

        CLASS   BANK0          
                cstackBANK0                          20       20       50         1

        CLASS   BANK1          
                cstackBANK1                          A0       A0       23         1

        CLASS   BANK2          

        CLASS   BANK3          
                cstackBANK3                         190      190       3C         1

        CLASS   RAM            

        CLASS   ABS1           
                abs_s1                               7E       7E        2         1

        CLASS   SFR0           

        CLASS   SFR1           

        CLASS   SFR2           

        CLASS   SFR3           

        CLASS   CONFIG         
                config                             2007     2007        1         4

        CLASS   IDLOC          

        CLASS   EEDATA         

        CLASS   STACK          



SEGMENTS        Name                           Load    Length   Top    Selector   Space  Class     Delta

                reset_vec                      000000  000004  000004         0       0  CODE        2
                text10                         00000B  000027  000032        16       0  CODE        2
                cstackBANK0                    000020  000050  000070        20       1  BANK0       1
                text13                         000032  0000B8  0000EA        64       0  CODE        2
                cstackCOMMON                   000070  00000E  00007E        70       1  COMMON      1
                cstackBANK1                    0000A0  000023  0000C3        A0       1  BANK1       1
                cstackBANK3                    000190  00003C  0001CC       190       1  BANK3       1
                text12                         0000EA  0000B8  0001A2       1D4       0  CODE        2
                text1_split_1                  0001A2  00065A  0007FC       344       0  CODE        2
                cinit                          0007FC  000004  000800       FF8       0  CODE        2
                text4                          000808  000067  00086F      1010       0  CODE        2
                text11                         00086F  0000B7  000926      10DE       0  CODE        2
                text9                          000926  000345  000C6B      124C       0  CODE        2
                text2                          000C6B  000395  001000      18D6       0  CODE        2
                text26                         001001  000010  001011      2002       0  CODE        2
                text23                         001011  0001CF  0011E0      2022       0  CODE        2
                text1                          0011E0  000304  0014E4      23C0       0  CODE        2
                maintext                       0014E4  00031C  001800      29C8       0  CODE        2
                stringtext                     001800  000137  001937        30       0  STRCODE     2
                text5                          00193D  000012  00194F      327A       0  CODE        2
                text3                          00194F  000059  0019A8      329E       0  CODE        2
                text30                         0019A8  00005D  001A05      3350       0  CODE        2
                text16                         001A05  000066  001A6B      340A       0  CODE        2
                text17                         001A6B  000078  001AE3      34D6       0  CODE        2
                text21                         001AE3  0000A2  001B85      35C6       0  CODE        2
                text6                          001B85  000223  001DA8      370A       0  CODE        2
                text19                         001DA8  000258  002000      3B50       0  CODE        2


UNUSED ADDRESS RANGES

        Name                Unused          Largest block    Delta
        BANK1            000C3-000EF              2D           1
        BANK2            00110-0016F              60           1
        BANK3            001CC-001EF              24           1
        CODE             00800-00807               8           2
                         01000-01000               1
                         01937-0193C               6
        CONST            00800-00807               8           2
                         01000-01000               1
                         01937-0193C               6
        EEDATA           02100-021FF             100           2
        ENTRY            00800-00807               8           2
                         01000-01000               1
                         01937-0193C               6
        IDLOC            02000-02003               4           2
        RAM              000C3-000EF              2D           1
                         00110-0016F              60
                         001CC-001EF              24
        SFR0             00000-0001F              20           1
        SFR1             00080-0009F              20           1
        SFR2             00100-0010F              10           1
        SFR3             00180-0018F              10           1
        STRCODE          00800-00807               8           2
                         01000-01000               1
                         01937-0193C               6
        STRING           00800-00807               8           2
                         01000-01000               1
                         01937-0193C               6

                                  Symbol Table

_Lcd_Port                 text33       00000
__H__absolute__           __absolute__ 00000
__Habs1                   abs1         00000
__Hbank0                  bank0        00000
__Hbank1                  bank1        00000
__Hbank2                  bank2        00000
__Hbank3                  bank3        00000
__Hclrtext                clrtext      00000
__Hcode                   code         00000
__Hcommon                 common       00000
__Heeprom_data            eeprom_data  00000
__Hfunctab                functab      00000
__Hinit                   init         00000
__Hintentry               intentry     00000
__Hmaintext               maintext     00000
__Hpowerup                powerup      00000
__Hram                    ram          00000
__Hreset_vec              reset_vec    00000
__Hsfr0                   sfr0         00000
__Hsfr1                   sfr1         00000
__Hsfr2                   sfr2         00000
__Hsfr3                   sfr3         00000
__Hspace_2                (abs)        00000
__Hspace_3                (abs)        00000
__Hstack                  stack        00000
__Hstrings                strings      00000
__Htext                   text         00000
__L__absolute__           __absolute__ 00000
__Labs1                   abs1         00000
__Lbank0                  bank0        00000
__Lbank1                  bank1        00000
__Lbank2                  bank2        00000
__Lbank3                  bank3        00000
__Lclrtext                clrtext      00000
__Lcode                   code         00000
__Lcommon                 common       00000
__Lconfig                 config       00000
__Leeprom_data            eeprom_data  00000
__Lend_init               end_init     00000
__Lfunctab                functab      00000
__Linit                   init         00000
__Lintentry               intentry     00000
__Lmaintext               maintext     00000
__Lpowerup                powerup      00000
__Lram                    ram          00000
__Lreset_vec              reset_vec    00000
__Lsfr0                   sfr0         00000
__Lsfr1                   sfr1         00000
__Lsfr2                   sfr2         00000
__Lsfr3                   sfr3         00000
__Lspace_0                (abs)        00000
__Lspace_1                (abs)        00000
__Lspace_2                (abs)        00000
__Lspace_3                (abs)        00000
__Lspace_4                (abs)        00000
__Lstack                  stack        00000
__Lstrings                strings      00000
__Ltext                   text         00000
__S3                      (abs)        00000
___int_sp                 stack        00000
___sp                     stack        00000
___stackhi                (abs)        00000
___stacklo                (abs)        00000
__ptext33                 text33       00000
___latbits                (abs)        00002
__Hend_init               end_init     00004
__Umul8_16                text10       0000B
__ptext10                 text10       0000B
_RCSTA                    (abs)        00018
_TXREG                    (abs)        00019
_ADRESH                   (abs)        0001E
_ADCON0                   (abs)        0001F
?___fldiv                 cstackBANK0  00020
?___flmul                 cstackBANK0  00020
?___llmod                 cstackBANK0  00020
___fldiv@a                cstackBANK0  00020
___flmul@b                cstackBANK0  00020
___llmod@divisor          cstackBANK0  00020
__div_to_l_@quot          cstackBANK0  00020
__pcstackBANK0            cstackBANK0  00020
__tdiv_to_l_@quot         cstackBANK0  00020
___fldiv@b                cstackBANK0  00024
___flmul@a                cstackBANK0  00024
___llmod@dividend         cstackBANK0  00024
__div_to_l_@cntr          cstackBANK0  00024
__tdiv_to_l_@cntr         cstackBANK0  00024
__div_to_l_@exp1          cstackBANK0  00025
__tdiv_to_l_@exp1         cstackBANK0  00025
___llmod@counter          cstackBANK0  00029
_RA4                      (abs)        0002C
___fldiv@rem              cstackBANK0  0002D
___flmul@sign             cstackBANK0  0002D
___flmul@grs              cstackBANK0  0002E
_RB0                      (abs)        00030
_RB1                      (abs)        00031
___fldiv@sign             cstackBANK0  00031
_RB2                      (abs)        00032
___fldiv@new_exp          cstackBANK0  00032
___flmul@aexp             cstackBANK0  00032
_RB3                      (abs)        00033
___flmul@bexp             cstackBANK0  00033
_RB4                      (abs)        00034
___fldiv@grs              cstackBANK0  00034
___flmul@prod             cstackBANK0  00034
_RB5                      (abs)        00035
_RC0                      (abs)        00038
___fldiv@bexp             cstackBANK0  00038
___flmul@temp             cstackBANK0  00038
_RC1                      (abs)        00039
___fldiv@aexp             cstackBANK0  00039
?_fround                  cstackBANK0  0003A
?_scale                   cstackBANK0  0003A
_RC2                      (abs)        0003A
_RC3                      (abs)        0003B
_Lcd_Cmd                  text32       00022
__end_of_Lcd_Port         text33       00022
__ptext32                 text32       00022
_fround$872               cstackBANK0  00045
_RE0                      (abs)        00048
_scale$873                cstackBANK0  00048
_RE1                      (abs)        00049
_fround$871               cstackBANK0  00049
_RE2                      (abs)        0004A
?___fltol                 cstackBANK0  0004D
___fltol@f1               cstackBANK0  0004D
?___fladd                 cstackBANK0  0004E
___fladd@b                cstackBANK0  0004E
___fladd@a                cstackBANK0  00052
___fltol@sign1            cstackBANK0  00055
___fltol@exp1             cstackBANK0  00056
___fladd@signs            cstackBANK0  0005E
___fladd@aexp             cstackBANK0  0005F
___fladd@bexp             cstackBANK0  00060
___fladd@grs              cstackBANK0  00061
?___flsub                 cstackBANK0  00062
___flsub@a                cstackBANK0  00062
___xxtofl                 text13       00032
__end_of__Umul8_16        text10       00032
__ptext13                 text13       00032
___flsub@b                cstackBANK0  00066
?_sprintf                 cstackBANK0  0006A
?__Umul8_16               cstackCOMMON 00070
?___awmod                 cstackCOMMON 00070
?___flneg                 cstackCOMMON 00070
?___lldiv                 cstackCOMMON 00070
?___lwmod                 cstackCOMMON 00070
?___wmul                  cstackCOMMON 00070
?___xxtofl                cstackCOMMON 00070
?__div_to_l_              cstackCOMMON 00070
?__tdiv_to_l_             cstackCOMMON 00070
Lcd_Port@a                cstackCOMMON 00070
UART_Write@data           cstackCOMMON 00070
__Umul8_16@multiplicand   cstackCOMMON 00070
___awmod@divisor          cstackCOMMON 00070
___fleq@ff1               cstackCOMMON 00070
___flge@ff1               cstackCOMMON 00070
___flneg@f1               cstackCOMMON 00070
___lldiv@divisor          cstackCOMMON 00070
___lwmod@divisor          cstackCOMMON 00070
___wmul@multiplier        cstackCOMMON 00070
___xxtofl@val             cstackCOMMON 00070
__div_to_l_@f1            cstackCOMMON 00070
__pcstackCOMMON           cstackCOMMON 00070
__tdiv_to_l_@f1           cstackCOMMON 00070
_isdigit$689              cstackCOMMON 00070
UART_Write_Text@text      cstackCOMMON 00071
Lcd_Write_Char@temp       cstackCOMMON 00072
___awmod@dividend         cstackCOMMON 00072
___lwmod@dividend         cstackCOMMON 00072
___wmul@multiplicand      cstackCOMMON 00072
Lcd_Cmd@a                 cstackCOMMON 00073
Lcd_Write_Char@y          cstackCOMMON 00073
Lcd_Set_Cursor@b          cstackCOMMON 00074
Lcd_Write_Char@a          cstackCOMMON 00074
__Umul8_16@product        cstackCOMMON 00074
___awmod@counter          cstackCOMMON 00074
___fleq@ff2               cstackCOMMON 00074
___flge@ff2               cstackCOMMON 00074
___lldiv@dividend         cstackCOMMON 00074
___lwmod@counter          cstackCOMMON 00074
___wmul@product           cstackCOMMON 00074
__div_to_l_@f2            cstackCOMMON 00074
__tdiv_to_l_@f2           cstackCOMMON 00074
?___lwdiv                 cstackCOMMON 00075
Lcd_Write_String@a        cstackCOMMON 00075
___awmod@sign             cstackCOMMON 00075
___lwdiv@divisor          cstackCOMMON 00075
?___awdiv                 cstackCOMMON 00076
Lcd_Set_Cursor@a          cstackCOMMON 00076
UART_Write_Text@i         cstackCOMMON 00076
__Umul8_16@word_mpld      cstackCOMMON 00076
___awdiv@divisor          cstackCOMMON 00076
Lcd_Set_Cursor@z          cstackCOMMON 00077
___lwdiv@dividend         cstackCOMMON 00077
Lcd_Set_Cursor@y          cstackCOMMON 00078
_Lcd_Clear                text31       0003C
__Umul8_16@multiplier     cstackCOMMON 00078
___awdiv@dividend         cstackCOMMON 00078
___xxtofl@sign            cstackCOMMON 00078
__end_of_Lcd_Cmd          text32       0003C
__ptext31                 text31       0003C
Lcd_Set_Cursor@temp       cstackCOMMON 00079
___lldiv@quotient         cstackCOMMON 00079
___lwdiv@quotient         cstackCOMMON 00079
___xxtofl@exp             cstackCOMMON 00079
Lcd_Write_String@i        cstackCOMMON 0007A
___awdiv@counter          cstackCOMMON 0007A
___xxtofl@arg             cstackCOMMON 0007A
___awdiv@sign             cstackCOMMON 0007B
___lwdiv@counter          cstackCOMMON 0007B
___awdiv@quotient         cstackCOMMON 0007C
___lldiv@counter          cstackCOMMON 0007D
btemp                     (abs)        0007E
_TRISBbits                (abs)        00086
_Lcd_Set_Cursor           text29       00049
__end_of_Lcd_Clear        text31       00049
__ptext29                 text29       00049
_TXSTA                    (abs)        00098
_SPBRG                    (abs)        00099
_ADCON1                   (abs)        0009F
__pcstackBANK1            cstackBANK1  000A0
_sprintf$874              cstackBANK1  000A5
_GO                       (abs)        000FA
_Lcd_Write_Char           text28       0008F
__end_of_Lcd_Set_Cursor   text29       0008F
__ptext28                 text28       0008F
_Lcd_Write_String         text27       000C2
__end_of_Lcd_Write_Char   text28       000C2
__ptext27                 text27       000C2
__pcstackBANK3            cstackBANK3  00190
__Hspace_1                (abs)        001CC
__S1                      (abs)        001CC
__div_to_l_               text12       000EA
__end_of___xxtofl         text13       000EA
__ptext12                 text12       000EA
_UART_Write               text25       00104
__end_of_Lcd_Write_String text27       00104
__ptext25                 text25       00104
_UART_Write_Text          text24       00110
__end_of_UART_Write       text25       00110
__ptext24                 text24       00110
___fleq                   text22       00152
__end_of_UART_Write_Text  text24       00152
__ptext22                 text22       00152
___flneg                  text20       001A0
__end_of___fleq           text22       001A0
__ptext20                 text20       001A0
__end_of__div_to_l_       text12       001A2
___flsub                  text18       001AB
__end_of___flneg          text20       001AB
__ptext18                 text18       001AB
___llmod                  text15       001CF
__end_of___flsub          text18       001CF
__ptext15                 text15       001CF
_TRISA1                   (abs)        00429
_TRISA4                   (abs)        0042C
_TRISC0                   (abs)        00438
_TRISC1                   (abs)        00439
_TRISC2                   (abs)        0043A
_TRISC3                   (abs)        0043B
_TRISC6                   (abs)        0043E
_TRISC7                   (abs)        0043F
_TRISE0                   (abs)        00448
_TRISE1                   (abs)        00449
_TRISE2                   (abs)        0044A
___wmul                   text14       00225
__end_of___llmod          text15       00225
__ptext14                 text14       00225
___lwdiv                  text8        0024A
__end_of___wmul           text14       0024A
__ptext8                  text8        0024A
_TRMT                     (abs)        004C1
___lwmod                  text7        0028E
__end_of___lwdiv          text8        0028E
__ptext7                  text7        0028E
__HcstackBANK0            cstackBANK0  00590
__HcstackBANK1            cstackBANK1  00590
__HcstackBANK3            cstackBANK3  00590
__HcstackCOMMON           cstackCOMMON 00590
__Hstringtext             stringtext   00590
__LcstackBANK0            cstackBANK0  00590
__LcstackBANK1            cstackBANK1  00590
__LcstackBANK3            cstackBANK3  00590
__LcstackCOMMON           cstackCOMMON 00590
__Lstringtext             stringtext   00590
__Lcinit                  cinit        007FC
__Hcinit                  cinit        00800
___awdiv                  text4        00808
___flmul                  text9        00926
__end_of___lwmod          text7        002C8
__end_of__initialization  cinit        007FC
__end_of_sprintf          text1_split_1 007FC
__initialization          cinit        007FC
__ptext4                  text4        00808
__end_of___awdiv          text4        0086F
__ptext11                 text11       0086F
__tdiv_to_l_              text11       0086F
__end_of__tdiv_to_l_      text11       00926
__ptext9                  text9        00926
__end_of___flmul          text9        00C6B
__ptext2                  text2        00C6B
_scale                    text2        00C6B
__Hspace_0                (abs)        02000
__S0                      (abs)        02000
__end_of_scale            text2        01000
_UART_Initialize          text26       01001
__ptext26                 text26       01001
___fldiv                  text23       01011
__end_of_UART_Initialize  text26       01011
__ptext23                 text23       01011
__end_of___fldiv          text23       011E0
__ptext1                  text1        011E0
_sprintf                  text1        011E0
__pmaintext               maintext     014E4
_main                     maintext     014E4
__end_of_main             maintext     01800
__pstringtext             stringtext   01800
__stringtab               stringtext   01800
__end_of__stringtab       stringtext   01812
__powers_                 stringtext   01812
__stringbase              stringtext   01812
__end_of__powers_         stringtext   01846
__npowers_                stringtext   01846
__end_of__npowers_        stringtext   0187A
_dpowers                  stringtext   0187A
__end_of_dpowers          stringtext   018A2
__ptext5                  text5        0193D
_isdigit                  text5        0193D
___awmod                  text3        0194F
__end_of_isdigit          text5        0194F
__ptext3                  text3        0194F
_Lcd_Init                 text30       019A8
__end_of___awmod          text3        019A8
__ptext30                 text30       019A8
___lldiv                  text16       01A05
__end_of_Lcd_Init         text30       01A05
__ptext16                 text16       01A05
___fltol                  text17       01A6B
__end_of___lldiv          text16       01A6B
__ptext17                 text17       01A6B
___flge                   text21       01AE3
__end_of___fltol          text17       01AE3
__ptext21                 text21       01AE3
__end_of___flge           text21       01B85
__ptext6                  text6        01B85
_fround                   text6        01B85
___fladd                  text19       01DA8
__end_of_fround           text6        01DA8
__ptext19                 text19       01DA8
__end_of___fladd          text19       02000
__Hspace_4                (abs)        0400F
__Hconfig                 config       02008
intlevel0                 functab      00000
intlevel1                 functab      00000
intlevel2                 functab      00000
intlevel3                 functab      00000
intlevel4                 functab      00000
intlevel5                 functab      00000
reset_vec                 reset_vec    00000
start                     init         00000
pnum$text1                (abs)        00009
pnum$text1_split_1        (abs)        0002B
scale@scl                 cstackBANK0  0004C
fround@prec               cstackBANK0  0004D
sprintf@f                 cstackBANK0  0006A
isdigit@c                 cstackCOMMON 00071
wtemp0                    (abs)        0007E
sprintf@ap                cstackBANK1  000A9
sprintf@flag              cstackBANK1  000AA
sprintf@width             cstackBANK1  000AC
sprintf@tmpval            cstackBANK1  000AE
sprintf@val               cstackBANK1  000B2
sprintf@eexp              cstackBANK1  000B6
sprintf@fval              cstackBANK1  000B8
sprintf@sp                cstackBANK1  000BC
sprintf@prec              cstackBANK1  000BD
sprintf@c                 cstackBANK1  000BF
main@combinedText         cstackBANK3  00190
main@combinedText_160     cstackBANK3  001A4
main@floatVal             cstackBANK3  001B8
main@adcValue1            cstackBANK3  001BC
main@adcValue2            cstackBANK3  001BE
main@negativeDisplayValue cstackBANK3  001C0
main@adcString1           cstackBANK3  001C2
main@adcString2           cstackBANK3  001C6
main@displayValue         cstackBANK3  001CA
end_of_initialization     cinit        007FC
start_initialization      cinit        007FC
psplit$0                  (abs)        9002B
