Microchip MPLAB XC8 Compiler V2.41

Linker command line:

-W-3 \
  --edf=C:/Program Files/Microchip/MPLABX/v6.10/packs/Microchip/PIC16Fxxx_DFP/1.4.149/xc8\pic\dat\20230322214319_en.msgs \
  -cn -h+.ca/dist/Config_2/production\HiK_LCD_Project.X.production.sym \
  --cmf=.ca/dist/Config_2/production\HiK_LCD_Project.X.production.cmf -z \
  -Q16F877A -oC:\Users\ibrah\AppData\Local\Temp\xcAsb9c.\driver_tmp_3.o \
  --defsym=__MPLAB_BUILD=1 --fixupoverflow=error \
  -M.ca/dist/Config_2/production/HiK_LCD_Project.X.production.map \
  --md=C:\Users\ibrah\AppData\Local\Temp\xcAsb9c.\driver_tmp_0.dat -E1 \
  -ver=XC8 Compiler --acfsm=1493 -ACODE=00h-07FFhx4 -ASTRCODE=00h-01FFFh \
  -ASTRING=00h-0FFhx32 -ACONST=00h-0FFhx32 -AENTRY=00h-0FFhx32 \
  -ACOMMON=070h-07Fh -ABANK0=020h-06Fh -ABANK1=0A0h-0EFh \
  -ABANK2=0110h-016Fh -ABANK3=0190h-01EFh \
  -ARAM=020h-06Fh,0A0h-0EFh,0110h-016Fh,0190h-01EFh \
  -AABS1=020h-07Fh,0A0h-0EFh,0110h-016Fh,0190h-01EFh -ASFR0=00h-01Fh \
  -ASFR1=080h-09Fh -ASFR2=0100h-010Fh -ASFR3=0180h-018Fh \
  -ACONFIG=02007h-02007h -DCONFIG=2 -AIDLOC=02000h-02003h -DIDLOC=2 \
  -AEEDATA=00h-0FFh/02100h -peeprom_data=EEDATA -DEEDATA=2 -DCODE=2 \
  -DSTRCODE=2 -DSTRING=2 -DCONST=2 -DENTRY=2 \
  -preset_vec=00h,intentry,init,end_init -ppowerup=CODE -pcinit=CODE \
  -pfunctab=ENTRY -k \
  C:\Users\ibrah\AppData\Local\Temp\xcAsb9c.\driver_tmp_17.o \
  .ca/dist/Config_2/production\HiK_LCD_Project.X.production.o 

Object code version is 3.11

Machine type is 16F877A



                Name                               Link     Load   Length Selector   Space Scale
C:\Users\ibrah\AppData\Local\Temp\xcAsb9c.\driver_tmp_17.o
                end_init                              0        0        3        0       0
                config                             2007     2007        1        0       4
.ca/dist/Config_2/production\HiK_LCD_Project.X.production.o
                cinit                               7FC      7FC        4      FF8       0
                config                             2007     2007        1        0       4
                text33                             1B5C     1B5C       18     36B8       0
                text32                             1B74     1B74       18     36E8       0
                text31                             1B38     1B38        B     3670       0
                text30                                3        3       5B        0       0
                text29                             1C91     1C91       3E     3922       0
                text28                             1BEA     1BEA       2D     37D4       0
                text27                             1C17     1C17       3D     382E       0
                text26                             1B43     1B43        B     3686       0
                text25                             1B30     1B30        8     3660       0
                text24                             1C54     1C54       3D     38A8       0
                text23                              82C      82C      197     1058       0
                text22                             1CCF     1CCF       48     399E       0
                text21                             1ECC     1ECC       93     3D98       0
                text20                              800      800        9      FF8       0
                text19                             133D     133D      1FD     267A       0
                text18                             1B8C     1B8C       1E     3718       0
                text17                             1E65     1E65       67     3CCA       0
                text16                             1E07     1E07       5E     3C0E       0
                text15                             1D62     1D62       4C     3AC4       0
                text14                             1BC9     1BC9       21     3792       0
                text13                             1F5F     1F5F       A1     3EBE       0
                text12                             1028     1028       A3     2050       0
                text11                             10CB     10CB       A3     2196       0
                text10                              809      809       23     1012       0
                text9                               9C3      9C3      2D9     1386       0
                text8                              1007     1007       21     200E       0
                text7                              1BAA     1BAA       1F     3754       0
                text6                              116E     116E      1CF     22DC       0
                text5                              1B4E     1B4E        E     369C       0
                text4                              1DAE     1DAE       59     3B5C       0
                text3                              1D17     1D17       4B     3A2E       0
                text2                               C9C      C9C      364     1938       0
                text1                                5E       5E      79E       BC       0
                maintext                           153A     153A      2C6     2A74       0
                cstackBANK0                          20       20       4E       20       1
                cstackCOMMON                         70       70        E       70       1
                cstackBANK1                          A0       A0       23       A0       1
                cstackBANK3                         190      190       3C      190       1
                stringtext                         1800     1800      137       30       0

TOTAL           Name                               Link     Load   Length     Space
        CLASS   CODE           
                end_init                              0        0        3         0
                cinit                               7FC      7FC        4         0
                text33                             1B5C     1B5C       18         0
                text32                             1B74     1B74       18         0
                text31                             1B38     1B38        B         0
                text30                                3        3       5B         0
                text29                             1C91     1C91       3E         0
                text28                             1BEA     1BEA       2D         0
                text27                             1C17     1C17       3D         0
                text26                             1B43     1B43        B         0
                text25                             1B30     1B30        8         0
                text24                             1C54     1C54       3D         0
                text23                              82C      82C      197         0
                text22                             1CCF     1CCF       48         0
                text21                             1ECC     1ECC       93         0
                text20                              800      800        9         0
                text19                             133D     133D      1FD         0
                text18                             1B8C     1B8C       1E         0
                text17                             1E65     1E65       67         0
                text16                             1E07     1E07       5E         0
                text15                             1D62     1D62       4C         0
                text14                             1BC9     1BC9       21         0
                text13                             1F5F     1F5F       A1         0
                text12                             1028     1028       A3         0
                text11                             10CB     10CB       A3         0
                text10                              809      809       23         0
                text9                               9C3      9C3      2D9         0
                text8                              1007     1007       21         0
                text7                              1BAA     1BAA       1F         0
                text6                              116E     116E      1CF         0
                text5                              1B4E     1B4E        E         0
                text4                              1DAE     1DAE       59         0
                text3                              1D17     1D17       4B         0
                text2                               C9C      C9C      364         0
                text1                                5E       5E      79E         0
                maintext                           153A     153A      2C6         0

        CLASS   STRCODE        
                stringtext                         1800     1800      137         0

        CLASS   STRING         

        CLASS   CONST          

        CLASS   ENTRY          

        CLASS   COMMON         
                cstackCOMMON                         70       70        E         1

        CLASS   BANK0          
                cstackBANK0                          20       20       4E         1

        CLASS   BANK1          
                cstackBANK1                          A0       A0       23         1

        CLASS   BANK2          

        CLASS   BANK3          
                cstackBANK3                         190      190       3C         1

        CLASS   RAM            

        CLASS   ABS1           
                abs_s1                               7E       7E        2         1

        CLASS   SFR0           

        CLASS   SFR1           

        CLASS   SFR2           

        CLASS   SFR3           

        CLASS   CONFIG         
                config                             2007     2007        1         4

        CLASS   IDLOC          

        CLASS   EEDATA         

        CLASS   STACK          



SEGMENTS        Name                           Load    Length   Top    Selector   Space  Class     Delta

                reset_vec                      000000  00005E  00005E         0       0  CODE        2
                cstackBANK0                    000020  00004E  00006E        20       1  BANK0       1
                cstackCOMMON                   000070  00000E  00007E        70       1  COMMON      1
                cstackBANK1                    0000A0  000023  0000C3        A0       1  BANK1       1
                text1                          00005E  00079E  0007FC        BC       0  CODE        2
                cstackBANK3                    000190  00003C  0001CC       190       1  BANK3       1
                cinit                          0007FC  00000D  000809       FF8       0  CODE        2
                text10                         000809  000023  00082C      1012       0  CODE        2
                text23                         00082C  000197  0009C3      1058       0  CODE        2
                text9                          0009C3  0002D9  000C9C      1386       0  CODE        2
                text2                          000C9C  000364  001000      1938       0  CODE        2
                text8                          001007  000021  001028      200E       0  CODE        2
                text12                         001028  0000A3  0010CB      2050       0  CODE        2
                text11                         0010CB  0000A3  00116E      2196       0  CODE        2
                text6                          00116E  0001CF  00133D      22DC       0  CODE        2
                text19                         00133D  0001FD  00153A      267A       0  CODE        2
                maintext                       00153A  0002C6  001800      2A74       0  CODE        2
                stringtext                     001800  000137  001937        30       0  STRCODE     2
                text25                         001B30  000008  001B38      3660       0  CODE        2
                text31                         001B38  00000B  001B43      3670       0  CODE        2
                text26                         001B43  00000B  001B4E      3686       0  CODE        2
                text5                          001B4E  00000E  001B5C      369C       0  CODE        2
                text33                         001B5C  000018  001B74      36B8       0  CODE        2
                text32                         001B74  000018  001B8C      36E8       0  CODE        2
                text18                         001B8C  00001E  001BAA      3718       0  CODE        2
                text7                          001BAA  00001F  001BC9      3754       0  CODE        2
                text14                         001BC9  000021  001BEA      3792       0  CODE        2
                text28                         001BEA  00002D  001C17      37D4       0  CODE        2
                text27                         001C17  00003D  001C54      382E       0  CODE        2
                text24                         001C54  00003D  001C91      38A8       0  CODE        2
                text29                         001C91  00003E  001CCF      3922       0  CODE        2
                text22                         001CCF  000048  001D17      399E       0  CODE        2
                text3                          001D17  00004B  001D62      3A2E       0  CODE        2
                text15                         001D62  00004C  001DAE      3AC4       0  CODE        2
                text4                          001DAE  000059  001E07      3B5C       0  CODE        2
                text16                         001E07  00005E  001E65      3C0E       0  CODE        2
                text17                         001E65  000067  001ECC      3CCA       0  CODE        2
                text21                         001ECC  000093  001F5F      3D98       0  CODE        2
                text13                         001F5F  0000A1  002000      3EBE       0  CODE        2


UNUSED ADDRESS RANGES

        Name                Unused          Largest block    Delta
        BANK0            006E-006F              2           1
        BANK1            00C3-00EF             2D           1
        BANK2            0110-016F             60           1
        BANK3            01CC-01EF             24           1
        CODE             1000-1006              7           2
                         1937-1B2F            1F9
        CONST            1000-1006              7           2
                         1937-1B2F            100
        EEDATA           2100-21FF            100           2
        ENTRY            1000-1006              7           2
                         1937-1B2F            100
        IDLOC            2000-2003              4           2
        RAM              006E-006F              2           1
                         00C3-00EF             2D
                         0110-016F             60
                         01CC-01EF             24
        SFR0             0000-001F             20           1
        SFR1             0080-009F             20           1
        SFR2             0100-010F             10           1
        SFR3             0180-018F             10           1
        STRCODE          1000-1006              7           2
                         1937-1B2F            1F9
        STRING           1000-1006              7           2
                         1937-1B2F            100

                                  Symbol Table

?__Umul8_16               cstackCOMMON 0070
?___awdiv                 cstackCOMMON 0076
?___awmod                 cstackCOMMON 0070
?___fladd                 cstackBANK0  004C
?___fldiv                 cstackBANK0  0020
?___flmul                 cstackBANK0  0020
?___flneg                 cstackCOMMON 0070
?___flsub                 cstackBANK0  0060
?___fltol                 cstackBANK0  004D
?___lldiv                 cstackCOMMON 0070
?___llmod                 cstackBANK0  0020
?___wmul                  cstackCOMMON 0070
?___xxtofl                cstackCOMMON 0070
?__div_to_l_              cstackCOMMON 0070
?__tdiv_to_l_             cstackCOMMON 0070
?_fround                  cstackBANK0  003A
?_scale                   cstackBANK0  003A
?_sprintf                 cstackBANK0  0068
Lcd_Cmd@a                 cstackCOMMON 0073
Lcd_Port@a                cstackCOMMON 0070
Lcd_Set_Cursor@a          cstackCOMMON 0076
Lcd_Set_Cursor@b          cstackCOMMON 0074
Lcd_Set_Cursor@temp       cstackCOMMON 0079
Lcd_Set_Cursor@y          cstackCOMMON 0078
Lcd_Set_Cursor@z          cstackCOMMON 0077
Lcd_Write_Char@a          cstackCOMMON 0074
Lcd_Write_Char@temp       cstackCOMMON 0072
Lcd_Write_Char@y          cstackCOMMON 0073
Lcd_Write_String@a        cstackCOMMON 0075
Lcd_Write_String@i        cstackCOMMON 007A
UART_Write@data           cstackCOMMON 0070
UART_Write_Text@i         cstackCOMMON 0076
UART_Write_Text@text      cstackCOMMON 0071
_ADCON0                   (abs)        001F
_ADCON1                   (abs)        009F
_ADRESH                   (abs)        001E
_GO                       (abs)        00FA
_Lcd_Clear                text31       1B38
_Lcd_Cmd                  text32       1B74
_Lcd_Init                 text30       0003
_Lcd_Port                 text33       1B5C
_Lcd_Set_Cursor           text29       1C91
_Lcd_Write_Char           text28       1BEA
_Lcd_Write_String         text27       1C17
_RA4                      (abs)        002C
_RB0                      (abs)        0030
_RB1                      (abs)        0031
_RB2                      (abs)        0032
_RB3                      (abs)        0033
_RB4                      (abs)        0034
_RB5                      (abs)        0035
_RC0                      (abs)        0038
_RC1                      (abs)        0039
_RC2                      (abs)        003A
_RC3                      (abs)        003B
_RCSTA                    (abs)        0018
_RE0                      (abs)        0048
_RE1                      (abs)        0049
_RE2                      (abs)        004A
_SPBRG                    (abs)        0099
_TRISA1                   (abs)        0429
_TRISA4                   (abs)        042C
_TRISBbits                (abs)        0086
_TRISC0                   (abs)        0438
_TRISC1                   (abs)        0439
_TRISC2                   (abs)        043A
_TRISC3                   (abs)        043B
_TRISC6                   (abs)        043E
_TRISC7                   (abs)        043F
_TRISE0                   (abs)        0448
_TRISE1                   (abs)        0449
_TRISE2                   (abs)        044A
_TRMT                     (abs)        04C1
_TXREG                    (abs)        0019
_TXSTA                    (abs)        0098
_UART_Initialize          text26       1B43
_UART_Write               text25       1B30
_UART_Write_Text          text24       1C54
__H__absolute__           __absolute__ 0000
__Habs1                   abs1         0000
__Hbank0                  bank0        0000
__Hbank1                  bank1        0000
__Hbank2                  bank2        0000
__Hbank3                  bank3        0000
__Hcinit                  cinit        0800
__Hclrtext                clrtext      0000
__Hcode                   code         0000
__Hcommon                 common       0000
__Hconfig                 config       2008
__HcstackBANK0            cstackBANK0  0000
__HcstackBANK1            cstackBANK1  0000
__HcstackBANK3            cstackBANK3  0000
__HcstackCOMMON           cstackCOMMON 0000
__Heeprom_data            eeprom_data  0000
__Hend_init               end_init     0003
__Hfunctab                functab      0000
__Hinit                   init         0000
__Hintentry               intentry     0000
__Hmaintext               maintext     0000
__Hpowerup                powerup      0000
__Hram                    ram          0000
__Hreset_vec              reset_vec    0000
__Hsfr0                   sfr0         0000
__Hsfr1                   sfr1         0000
__Hsfr2                   sfr2         0000
__Hsfr3                   sfr3         0000
__Hspace_0                (abs)        2000
__Hspace_1                (abs)        01CC
__Hspace_2                (abs)        0000
__Hspace_3                (abs)        0000
__Hspace_4                (abs)        400F
__Hstack                  stack        0000
__Hstrings                strings      0000
__Hstringtext             stringtext   0000
__Htext                   text         0000
__L__absolute__           __absolute__ 0000
__Labs1                   abs1         0000
__Lbank0                  bank0        0000
__Lbank1                  bank1        0000
__Lbank2                  bank2        0000
__Lbank3                  bank3        0000
__Lcinit                  cinit        07FC
__Lclrtext                clrtext      0000
__Lcode                   code         0000
__Lcommon                 common       0000
__Lconfig                 config       0000
__LcstackBANK0            cstackBANK0  0000
__LcstackBANK1            cstackBANK1  0000
__LcstackBANK3            cstackBANK3  0000
__LcstackCOMMON           cstackCOMMON 0000
__Leeprom_data            eeprom_data  0000
__Lend_init               end_init     0000
__Lfunctab                functab      0000
__Linit                   init         0000
__Lintentry               intentry     0000
__Lmaintext               maintext     0000
__Lpowerup                powerup      0000
__Lram                    ram          0000
__Lreset_vec              reset_vec    0000
__Lsfr0                   sfr0         0000
__Lsfr1                   sfr1         0000
__Lsfr2                   sfr2         0000
__Lsfr3                   sfr3         0000
__Lspace_0                (abs)        0000
__Lspace_1                (abs)        0000
__Lspace_2                (abs)        0000
__Lspace_3                (abs)        0000
__Lspace_4                (abs)        0000
__Lstack                  stack        0000
__Lstrings                strings      0000
__Lstringtext             stringtext   0000
__Ltext                   text         0000
__S0                      (abs)        2000
__S1                      (abs)        01CC
__S3                      (abs)        0000
__Umul8_16                text10       0809
__Umul8_16@multiplicand   cstackCOMMON 0070
__Umul8_16@multiplier     cstackCOMMON 0078
__Umul8_16@product        cstackCOMMON 0074
__Umul8_16@word_mpld      cstackCOMMON 0076
___awdiv                  text4        1DAE
___awdiv@counter          cstackCOMMON 007A
___awdiv@dividend         cstackCOMMON 0078
___awdiv@divisor          cstackCOMMON 0076
___awdiv@quotient         cstackCOMMON 007C
___awdiv@sign             cstackCOMMON 007B
___awmod                  text3        1D17
___awmod@counter          cstackCOMMON 0074
___awmod@dividend         cstackCOMMON 0072
___awmod@divisor          cstackCOMMON 0070
___awmod@sign             cstackCOMMON 0075
___fladd                  text19       133D
___fladd@a                cstackBANK0  0050
___fladd@aexp             cstackBANK0  005D
___fladd@b                cstackBANK0  004C
___fladd@bexp             cstackBANK0  005E
___fladd@grs              cstackBANK0  005F
___fladd@signs            cstackBANK0  005C
___fldiv                  text23       082C
___fldiv@a                cstackBANK0  0020
___fldiv@aexp             cstackBANK0  0039
___fldiv@b                cstackBANK0  0024
___fldiv@bexp             cstackBANK0  0038
___fldiv@grs              cstackBANK0  0034
___fldiv@new_exp          cstackBANK0  0032
___fldiv@rem              cstackBANK0  002D
___fldiv@sign             cstackBANK0  0031
___fleq                   text22       1CCF
___fleq@ff1               cstackCOMMON 0070
___fleq@ff2               cstackCOMMON 0074
___flge                   text21       1ECC
___flge@ff1               cstackCOMMON 0070
___flge@ff2               cstackCOMMON 0074
___flmul                  text9        09C3
___flmul@a                cstackBANK0  0024
___flmul@aexp             cstackBANK0  002E
___flmul@b                cstackBANK0  0020
___flmul@bexp             cstackBANK0  0033
___flmul@grs              cstackBANK0  002F
___flmul@prod             cstackBANK0  0034
___flmul@sign             cstackBANK0  002D
___flmul@temp             cstackBANK0  0038
___flneg                  text20       0800
___flneg@f1               cstackCOMMON 0070
___flsub                  text18       1B8C
___flsub@a                cstackBANK0  0060
___flsub@b                cstackBANK0  0064
___fltol                  text17       1E65
___fltol@exp1             cstackBANK0  0056
___fltol@f1               cstackBANK0  004D
___fltol@sign1            cstackBANK0  0055
___int_sp                 stack        0000
___latbits                (abs)        0002
___lbdiv                  text8        1007
___lbdiv@counter          cstackCOMMON 0078
___lbdiv@dividend         cstackCOMMON 0077
___lbdiv@divisor          cstackCOMMON 0076
___lbdiv@quotient         cstackCOMMON 0079
___lbmod                  text7        1BAA
___lbmod@counter          cstackCOMMON 0074
___lbmod@dividend         cstackCOMMON 0073
___lbmod@divisor          cstackCOMMON 0070
___lbmod@rem              cstackCOMMON 0075
___lldiv                  text16       1E07
___lldiv@counter          cstackCOMMON 007D
___lldiv@dividend         cstackCOMMON 0074
___lldiv@divisor          cstackCOMMON 0070
___lldiv@quotient         cstackCOMMON 0079
___llmod                  text15       1D62
___llmod@counter          cstackBANK0  0029
___llmod@dividend         cstackBANK0  0024
___llmod@divisor          cstackBANK0  0020
___sp                     stack        0000
___stackhi                (abs)        0000
___stacklo                (abs)        0000
___wmul                   text14       1BC9
___wmul@multiplicand      cstackCOMMON 0072
___wmul@multiplier        cstackCOMMON 0070
___wmul@product           cstackCOMMON 0074
___xxtofl                 text13       1F5F
___xxtofl@arg             cstackCOMMON 007A
___xxtofl@exp             cstackCOMMON 0079
___xxtofl@sign            cstackCOMMON 0078
___xxtofl@val             cstackCOMMON 0070
__div_to_l_               text12       1028
__div_to_l_@cntr          cstackBANK0  0024
__div_to_l_@exp1          cstackBANK0  0025
__div_to_l_@f1            cstackCOMMON 0070
__div_to_l_@f2            cstackCOMMON 0074
__div_to_l_@quot          cstackBANK0  0020
__end_of_Lcd_Clear        text31       1B43
__end_of_Lcd_Cmd          text32       1B8C
__end_of_Lcd_Init         text30       005E
__end_of_Lcd_Port         text33       1B74
__end_of_Lcd_Set_Cursor   text29       1CCF
__end_of_Lcd_Write_Char   text28       1C17
__end_of_Lcd_Write_String text27       1C54
__end_of_UART_Initialize  text26       1B4E
__end_of_UART_Write       text25       1B38
__end_of_UART_Write_Text  text24       1C91
__end_of__Umul8_16        text10       082C
__end_of___awdiv          text4        1E07
__end_of___awmod          text3        1D62
__end_of___fladd          text19       153A
__end_of___fldiv          text23       09C3
__end_of___fleq           text22       1D17
__end_of___flge           text21       1F5F
__end_of___flmul          text9        0C9C
__end_of___flneg          text20       0809
__end_of___flsub          text18       1BAA
__end_of___fltol          text17       1ECC
__end_of___lbdiv          text8        1028
__end_of___lbmod          text7        1BC9
__end_of___lldiv          text16       1E65
__end_of___llmod          text15       1DAE
__end_of___wmul           text14       1BEA
__end_of___xxtofl         text13       2000
__end_of__div_to_l_       text12       10CB
__end_of__initialization  cinit        07FC
__end_of__npowers_        stringtext   187A
__end_of__powers_         stringtext   1846
__end_of__stringtab       stringtext   1812
__end_of__tdiv_to_l_      text11       116E
__end_of_dpowers          stringtext   18A2
__end_of_fround           text6        133D
__end_of_isdigit          text5        1B5C
__end_of_main             maintext     1800
__end_of_scale            text2        1000
__end_of_sprintf          text1        07FC
__initialization          cinit        07FC
__npowers_                stringtext   1846
__pcstackBANK0            cstackBANK0  0020
__pcstackBANK1            cstackBANK1  00A0
__pcstackBANK3            cstackBANK3  0190
__pcstackCOMMON           cstackCOMMON 0070
__pmaintext               maintext     153A
__powers_                 stringtext   1812
__pstringtext             stringtext   1800
__ptext1                  text1        005E
__ptext10                 text10       0809
__ptext11                 text11       10CB
__ptext12                 text12       1028
__ptext13                 text13       1F5F
__ptext14                 text14       1BC9
__ptext15                 text15       1D62
__ptext16                 text16       1E07
__ptext17                 text17       1E65
__ptext18                 text18       1B8C
__ptext19                 text19       133D
__ptext2                  text2        0C9C
__ptext20                 text20       0800
__ptext21                 text21       1ECC
__ptext22                 text22       1CCF
__ptext23                 text23       082C
__ptext24                 text24       1C54
__ptext25                 text25       1B30
__ptext26                 text26       1B43
__ptext27                 text27       1C17
__ptext28                 text28       1BEA
__ptext29                 text29       1C91
__ptext3                  text3        1D17
__ptext30                 text30       0003
__ptext31                 text31       1B38
__ptext32                 text32       1B74
__ptext33                 text33       1B5C
__ptext4                  text4        1DAE
__ptext5                  text5        1B4E
__ptext6                  text6        116E
__ptext7                  text7        1BAA
__ptext8                  text8        1007
__ptext9                  text9        09C3
__stringbase              stringtext   1812
__stringtab               stringtext   1800
__tdiv_to_l_              text11       10CB
__tdiv_to_l_@cntr         cstackBANK0  0024
__tdiv_to_l_@exp1         cstackBANK0  0025
__tdiv_to_l_@f1           cstackCOMMON 0070
__tdiv_to_l_@f2           cstackCOMMON 0074
__tdiv_to_l_@quot         cstackBANK0  0020
_dpowers                  stringtext   187A
_fround                   text6        116E
_fround$871               cstackBANK0  0047
_fround$872               cstackBANK0  0043
_isdigit                  text5        1B4E
_isdigit$689              cstackCOMMON 0070
_main                     maintext     153A
_scale                    text2        0C9C
_scale$873                cstackBANK0  0048
_sprintf                  text1        005E
_sprintf$874              cstackBANK1  00A5
btemp                     (abs)        007E
end_of_initialization     cinit        07FC
fround@prec               cstackBANK0  004B
intlevel0                 functab      0000
intlevel1                 functab      0000
intlevel2                 functab      0000
intlevel3                 functab      0000
intlevel4                 functab      0000
intlevel5                 functab      0000
isdigit@c                 cstackCOMMON 0071
main@adcString1           cstackBANK3  01C2
main@adcString2           cstackBANK3  01C6
main@adcValue1            cstackBANK3  01BC
main@adcValue2            cstackBANK3  01BE
main@combinedText         cstackBANK3  0190
main@combinedText_160     cstackBANK3  01A4
main@displayValue         cstackBANK3  01CA
main@floatVal             cstackBANK3  01B8
main@negativeDisplayValue cstackBANK3  01C0
reset_vec                 reset_vec    0000
scale@scl                 cstackBANK0  004C
sprintf@ap                cstackBANK1  00A9
sprintf@c                 cstackBANK1  00BF
sprintf@eexp              cstackBANK1  00B6
sprintf@f                 cstackBANK0  0068
sprintf@flag              cstackBANK1  00AA
sprintf@fval              cstackBANK1  00B8
sprintf@prec              cstackBANK1  00BD
sprintf@sp                cstackBANK1  00BC
sprintf@tmpval            cstackBANK1  00AE
sprintf@val               cstackBANK1  00B2
sprintf@width             cstackBANK1  00AC
start                     init         0000
start_initialization      cinit        07FC
wtemp0                    (abs)        007E


MODULE INFORMATION

Module		Function		Class		Link	Load	Size
C:\Program Files\Microchip\xc8\v2.41\pic\sources\c90\common\sprcmul.c
		___flmul       		CODE           	09C3	0000	729

C:\Program Files\Microchip\xc8\v2.41\pic\sources\c90\common\sprcmul.c estimated size: 729

C:\Program Files\Microchip\xc8\v2.41\pic\sources\c90\common\flge.c
		___flge        		CODE           	1ECC	0000	147

C:\Program Files\Microchip\xc8\v2.41\pic\sources\c90\common\flge.c estimated size: 147

C:\Program Files\Microchip\xc8\v2.41\pic\sources\c90\common\sprcdiv.c
		___fldiv       		CODE           	082C	0000	407

C:\Program Files\Microchip\xc8\v2.41\pic\sources\c90\common\sprcdiv.c estimated size: 407

C:\Program Files\Microchip\xc8\v2.41\pic\sources\c90\common\ftdivl.c
		__tdiv_to_l_   		CODE           	10CB	0000	163

C:\Program Files\Microchip\xc8\v2.41\pic\sources\c90\common\ftdivl.c estimated size: 163

uart_lib.c
		_UART_Write_Text		CODE           	1C54	0000	61
		_UART_Initialize		CODE           	1B43	0000	11
		_UART_Write    		CODE           	1B30	0000	8

uart_lib.c estimated size: 80

C:\Program Files\Microchip\xc8\v2.41\pic\sources\c90\common\Umul16.c
		___wmul        		CODE           	1BC9	0000	33

C:\Program Files\Microchip\xc8\v2.41\pic\sources\c90\common\Umul16.c estimated size: 33

C:\Program Files\Microchip\xc8\v2.41\pic\sources\c90\common\awdiv.c
		___awdiv       		CODE           	1DAE	0000	89

C:\Program Files\Microchip\xc8\v2.41\pic\sources\c90\common\awdiv.c estimated size: 89

C:\Program Files\Microchip\xc8\v2.41\pic\sources\c90\common\fltol.c
		___fltol       		CODE           	1E65	0000	103

C:\Program Files\Microchip\xc8\v2.41\pic\sources\c90\common\fltol.c estimated size: 103

C:\Program Files\Microchip\xc8\v2.41\pic\sources\c90\common\lbmod.c
		___lbmod       		CODE           	1BAA	0000	31

C:\Program Files\Microchip\xc8\v2.41\pic\sources\c90\common\lbmod.c estimated size: 31

C:\Program Files\Microchip\xc8\v2.41\pic\sources\c90\common\__lldiv.c
		___lldiv       		CODE           	1E07	0000	94

C:\Program Files\Microchip\xc8\v2.41\pic\sources\c90\common\__lldiv.c estimated size: 94

./lcd.h
		_Lcd_Write_String		CODE           	1C17	0000	61
		_Lcd_Init      		CODE           	0003	0000	91
		_Lcd_Write_Char		CODE           	1BEA	0000	45
		_Lcd_Cmd       		CODE           	1B74	0000	24
		_Lcd_Set_Cursor		CODE           	1C91	0000	62
		_Lcd_Clear     		CODE           	1B38	0000	11
		_Lcd_Port      		CODE           	1B5C	0000	24

./lcd.h estimated size: 318

C:\Program Files\Microchip\xc8\v2.41\pic\sources\c90\common\isdigit.c
		_isdigit       		CODE           	1B4E	0000	14

C:\Program Files\Microchip\xc8\v2.41\pic\sources\c90\common\isdigit.c estimated size: 14

C:\Program Files\Microchip\xc8\v2.41\pic\sources\c90\common\sprcadd.c
		___flsub       		CODE           	1B8C	0000	30
		___fladd       		CODE           	133D	0000	509

C:\Program Files\Microchip\xc8\v2.41\pic\sources\c90\common\sprcadd.c estimated size: 539

C:\Program Files\Microchip\xc8\v2.41\pic\sources\c90\common\fldivl.c
		__div_to_l_    		CODE           	1028	0000	163

C:\Program Files\Microchip\xc8\v2.41\pic\sources\c90\common\fldivl.c estimated size: 163

C:\Program Files\Microchip\xc8\v2.41\pic\sources\c90\common\fleq.c
		___fleq        		CODE           	1CCF	0000	72

C:\Program Files\Microchip\xc8\v2.41\pic\sources\c90\common\fleq.c estimated size: 72

C:\Program Files\Microchip\xc8\v2.41\pic\sources\c90\common\xxtofl.c
		___xxtofl      		CODE           	1F5F	0000	161

C:\Program Files\Microchip\xc8\v2.41\pic\sources\c90\common\xxtofl.c estimated size: 161

C:\Program Files\Microchip\xc8\v2.41\pic\sources\c90\common\flneg.c
		___flneg       		CODE           	0800	0000	9

C:\Program Files\Microchip\xc8\v2.41\pic\sources\c90\common\flneg.c estimated size: 9

shared
		__stringtab    		STRCODE        	1800	0000	18
		__powers_      		STRCODE        	1812	0000	52
		_dpowers       		STRCODE        	187A	0000	40
		__npowers_     		STRCODE        	1846	0000	52
		__initialization		CODE           	07FC	0000	1

shared estimated size: 163

C:\Program Files\Microchip\xc8\v2.41\pic\sources\c90\common\lbdiv.c
		___lbdiv       		CODE           	1007	0000	33

C:\Program Files\Microchip\xc8\v2.41\pic\sources\c90\common\lbdiv.c estimated size: 33

C:\Program Files\Microchip\xc8\v2.41\pic\sources\c90\common\Umul8_16.c
		__Umul8_16     		CODE           	0809	0000	35

C:\Program Files\Microchip\xc8\v2.41\pic\sources\c90\common\Umul8_16.c estimated size: 35

C:\Program Files\Microchip\xc8\v2.41\pic\sources\c90\common\doprnt.c
		_scale         		CODE           	0C9C	0000	868
		_sprintf       		CODE           	005E	0000	1950
		_fround        		CODE           	116E	0000	463

C:\Program Files\Microchip\xc8\v2.41\pic\sources\c90\common\doprnt.c estimated size: 3281

C:\Program Files\Microchip\xc8\v2.41\pic\sources\c90\common\awmod.c
		___awmod       		CODE           	1D17	0000	75

C:\Program Files\Microchip\xc8\v2.41\pic\sources\c90\common\awmod.c estimated size: 75

main.c
		_main          		CODE           	153A	0000	710

main.c estimated size: 710

C:\Program Files\Microchip\xc8\v2.41\pic\sources\c90\common\llmod.c
		___llmod       		CODE           	1D62	0000	76

C:\Program Files\Microchip\xc8\v2.41\pic\sources\c90\common\llmod.c estimated size: 76

